<?xml version="1.0" encoding="utf-8"?>
<TestRun id="74f3ae24-febe-439b-92a8-a19f98983a34" name="raul.gonzalez@ES-R26064 2026-09-02 15:32:12" runUser="ES\raul.gonzalez" xmlns="http://microsoft.com/schemas/VisualStudio/TeamTest/2010">
  <Times creation="2026-09-02T15:32:12.5708963+02:00" queuing="2026-09-02T15:32:12.5708968+02:00" start="2026-09-02T15:32:03.8509122+02:00" finish="2026-09-02T15:32:14.4015175+02:00" />
  <TestSettings name="default" id="b7916a87-389d-4734-9da6-e8b4ab6c8fb9">
    <Deployment runDeploymentRoot="raul.gonzalez_ES-R26064_2026-09-02_15_32_12" />
  </TestSettings>
  <Results>
    <UnitTestResult executionId="2d25dfd2-3049-4b03-8fbd-a461743af03e" testId="225983b4-d01d-c661-e1db-69468a7dd648" testName="SmartPacking.Api.IntegrationTests.WardrobeApiTests.WardrobeDeleteAndRestorePreservesItemThroughApi" computerName="ES-R26064" duration="00:00:00.6172479" startTime="2026-09-02T15:32:12.5229545+02:00" endTime="2026-09-02T15:32:12.5230106+02:00" testType="13cdc9d9-ddb5-4fa4-a97d-d965ccfc6d4b" outcome="Passed" testListId="8c84fa94-04c1-424b-9868-57a2d4851a1d" relativeResultsDirectory="2d25dfd2-3049-4b03-8fbd-a461743af03e" />
    <UnitTestResult executionId="5f31bfde-18b9-48b8-93f1-781dbc7581c6" testId="9605bf64-f8f7-1191-1378-b6d0c6359a4f" testName="SmartPacking.Api.IntegrationTests.WardrobeApiTests.DatabaseMigrationsProfilesAndPackingListsAreAvailablePerPerson" computerName="ES-R26064" duration="00:00:00.8460770" startTime="2026-09-02T15:32:13.6211015+02:00" endTime="2026-09-02T15:32:13.6211021+02:00" testType="13cdc9d9-ddb5-4fa4-a97d-d965ccfc6d4b" outcome="Passed" testListId="8c84fa94-04c1-424b-9868-57a2d4851a1d" relativeResultsDirectory="5f31bfde-18b9-48b8-93f1-781dbc7581c6" />
  </Results>
  <TestDefinitions>
    <UnitTest name="SmartPacking.Api.IntegrationTests.WardrobeApiTests.DatabaseMigrationsProfilesAndPackingListsAreAvailablePerPerson" storage="c:\alpiq\smartpacking\tests\smartpacking.api.integrationtests\bin\debug\net10.0\smartpacking.api.integrationtests.dll" id="9605bf64-f8f7-1191-1378-b6d0c6359a4f">
      <Execution id="5f31bfde-18b9-48b8-93f1-781dbc7581c6" />
      <TestMethod codeBase="C:\alpiq\SmartPacking\tests\SmartPacking.Api.IntegrationTests\bin\Debug\net10.0\SmartPacking.Api.IntegrationTests.dll" adapterTypeName="executor://xunit/VsTestRunner2/netcoreapp" className="SmartPacking.Api.IntegrationTests.WardrobeApiTests" name="DatabaseMigrationsProfilesAndPackingListsAreAvailablePerPerson" />
    </UnitTest>
    <UnitTest name="SmartPacking.Api.IntegrationTests.WardrobeApiTests.WardrobeDeleteAndRestorePreservesItemThroughApi" storage="c:\alpiq\smartpacking\tests\smartpacking.api.integrationtests\bin\debug\net10.0\smartpacking.api.integrationtests.dll" id="225983b4-d01d-c661-e1db-69468a7dd648">
      <Execution id="2d25dfd2-3049-4b03-8fbd-a461743af03e" />
      <TestMethod codeBase="C:\alpiq\SmartPacking\tests\SmartPacking.Api.IntegrationTests\bin\Debug\net10.0\SmartPacking.Api.IntegrationTests.dll" adapterTypeName="executor://xunit/VsTestRunner2/netcoreapp" className="SmartPacking.Api.IntegrationTests.WardrobeApiTests" name="WardrobeDeleteAndRestorePreservesItemThroughApi" />
    </UnitTest>
  </TestDefinitions>
  <TestEntries>
    <TestEntry testId="225983b4-d01d-c661-e1db-69468a7dd648" executionId="2d25dfd2-3049-4b03-8fbd-a461743af03e" testListId="8c84fa94-04c1-424b-9868-57a2d4851a1d" />
    <TestEntry testId="9605bf64-f8f7-1191-1378-b6d0c6359a4f" executionId="5f31bfde-18b9-48b8-93f1-781dbc7581c6" testListId="8c84fa94-04c1-424b-9868-57a2d4851a1d" />
  </TestEntries>
  <TestLists>
    <TestList name="Resultados sin formato de lista" id="8c84fa94-04c1-424b-9868-57a2d4851a1d" />
    <TestList name="Todos los resultados cargados" id="19431567-8539-422a-85d7-44ee4e166bda" />
  </TestLists>
  <ResultSummary outcome="Completed">
    <Counters total="2" executed="2" passed="2" failed="0" error="0" timeout="0" aborted="0" inconclusive="0" passedButRunAborted="0" notRunnable="0" notExecuted="0" disconnected="0" warning="0" completed="0" inProgress="0" pending="0" />
    <Output>
      <StdOut>[xUnit.net 00:00:00.00] xUnit.net VSTest Adapter v2.8.2+699d445a1a (64-bit .NET 10.0.10)&#xD;
[xUnit.net 00:00:00.53]   Discovering: SmartPacking.Api.IntegrationTests&#xD;
[xUnit.net 00:00:00.64]   Discovered:  SmartPacking.Api.IntegrationTests&#xD;
[xUnit.net 00:00:00.64]   Starting:    SmartPacking.Api.IntegrationTests&#xD;
[15:32:10 INF] Executed DbCommand (15ms) [Parameters=[], CommandType='Text', CommandTimeout='30']&#xD;
PRAGMA journal_mode = 'wal';&#xD;
[15:32:10 INF] Acquiring an exclusive lock for migration application. See https://aka.ms/efcore-docs-migrations-lock for more information if this takes too long.&#xD;
[15:32:10 INF] Executed DbCommand (8ms) [Parameters=[], CommandType='Text', CommandTimeout='30']&#xD;
SELECT COUNT(*) FROM "sqlite_master" WHERE "name" = '__EFMigrationsLock' AND "type" = 'table';&#xD;
[15:32:10 INF] Executed DbCommand (4ms) [Parameters=[], CommandType='Text', CommandTimeout='30']&#xD;
CREATE TABLE IF NOT EXISTS "__EFMigrationsLock" (&#xD;
    "Id" INTEGER NOT NULL CONSTRAINT "PK___EFMigrationsLock" PRIMARY KEY,&#xD;
    "Timestamp" TEXT NOT NULL&#xD;
);&#xD;
[15:32:10 INF] Executed DbCommand (1ms) [Parameters=[], CommandType='Text', CommandTimeout='30']&#xD;
INSERT OR IGNORE INTO "__EFMigrationsLock"("Id", "Timestamp") VALUES(1, '2026-09-02 13:32:10.8780603+00:00');&#xD;
SELECT changes();&#xD;
[15:32:10 INF] Executed DbCommand (0ms) [Parameters=[], CommandType='Text', CommandTimeout='30']&#xD;
CREATE TABLE IF NOT EXISTS "__EFMigrationsHistory" (&#xD;
    "MigrationId" TEXT NOT NULL CONSTRAINT "PK___EFMigrationsHistory" PRIMARY KEY,&#xD;
    "ProductVersion" TEXT NOT NULL&#xD;
);&#xD;
[15:32:11 INF] Executed DbCommand (0ms) [Parameters=[], CommandType='Text', CommandTimeout='30']&#xD;
SELECT COUNT(*) FROM "sqlite_master" WHERE "name" = '__EFMigrationsHistory' AND "type" = 'table';&#xD;
[15:32:11 INF] Executed DbCommand (1ms) [Parameters=[], CommandType='Text', CommandTimeout='30']&#xD;
SELECT "MigrationId", "ProductVersion"&#xD;
FROM "__EFMigrationsHistory"&#xD;
ORDER BY "MigrationId";&#xD;
[15:32:11 INF] Applying migration '20260831111529_InitialCreate'.&#xD;
[15:32:11 INF] Executed DbCommand (0ms) [Parameters=[], CommandType='Text', CommandTimeout='30']&#xD;
CREATE TABLE "ChecklistItems" (&#xD;
    "Id" TEXT NOT NULL CONSTRAINT "PK_ChecklistItems" PRIMARY KEY,&#xD;
    "UserId" TEXT NOT NULL,&#xD;
    "TripId" TEXT NOT NULL,&#xD;
    "Category" INTEGER NOT NULL,&#xD;
    "Name" TEXT NOT NULL,&#xD;
    "IsPacked" INTEGER NOT NULL&#xD;
);&#xD;
[15:32:11 INF] Executed DbCommand (0ms) [Parameters=[], CommandType='Text', CommandTimeout='30']&#xD;
CREATE TABLE "ClothingItems" (&#xD;
    "Id" TEXT NOT NULL CONSTRAINT "PK_ClothingItems" PRIMARY KEY,&#xD;
    "UserId" TEXT NOT NULL,&#xD;
    "Name" TEXT NOT NULL,&#xD;
    "Type" INTEGER NOT NULL,&#xD;
    "Season" INTEGER NOT NULL,&#xD;
    "Color" TEXT NOT NULL,&#xD;
    "WarmthLevel" INTEGER NOT NULL,&#xD;
    "Waterproof" INTEGER NOT NULL,&#xD;
    "Style" INTEGER NOT NULL,&#xD;
    "WeightGrams" INTEGER NULL,&#xD;
    "IsClean" INTEGER NOT NULL,&#xD;
    "IsAvailable" INTEGER NOT NULL,&#xD;
    "PreferenceScore" INTEGER NOT NULL,&#xD;
    "IsDeleted" INTEGER NOT NULL,&#xD;
    "OwnerProfileId" TEXT NULL,&#xD;
    "CombinationIds" TEXT NOT NULL&#xD;
);&#xD;
[15:32:11 INF] Executed DbCommand (0ms) [Parameters=[], CommandType='Text', CommandTimeout='30']&#xD;
CREATE TABLE "ClothingUsage" (&#xD;
    "TripId" TEXT NOT NULL,&#xD;
    "ClothingItemId" TEXT NOT NULL,&#xD;
    "UserId" TEXT NOT NULL,&#xD;
    "WasUsed" INTEGER NOT NULL,&#xD;
    CONSTRAINT "PK_ClothingUsage" PRIMARY KEY ("TripId", "ClothingItemId")&#xD;
);&#xD;
[15:32:11 INF] Executed DbCommand (0ms) [Parameters=[], CommandType='Text', CommandTimeout='30']&#xD;
CREATE TABLE "FamilyProfiles" (&#xD;
    "Id" TEXT NOT NULL CONSTRAINT "PK_FamilyProfiles" PRIMARY KEY,&#xD;
    "UserId" TEXT NOT NULL,&#xD;
    "Name" TEXT NOT NULL&#xD;
);&#xD;
[15:32:11 INF] Executed DbCommand (0ms) [Parameters=[], CommandType='Text', CommandTimeout='30']&#xD;
CREATE TABLE "PackingListItems" (&#xD;
    "PackingListId" TEXT NOT NULL,&#xD;
    "ClothingItemId" TEXT NOT NULL,&#xD;
    "IsPacked" INTEGER NOT NULL,&#xD;
    CONSTRAINT "PK_PackingListItems" PRIMARY KEY ("PackingListId", "ClothingItemId")&#xD;
);&#xD;
[15:32:11 INF] Executed DbCommand (0ms) [Parameters=[], CommandType='Text', CommandTimeout='30']&#xD;
CREATE TABLE "PackingLists" (&#xD;
    "Id" TEXT NOT NULL CONSTRAINT "PK_PackingLists" PRIMARY KEY,&#xD;
    "TripId" TEXT NOT NULL,&#xD;
    "UserId" TEXT NOT NULL,&#xD;
    "CreatedAt" TEXT NOT NULL&#xD;
);&#xD;
[15:32:11 INF] Executed DbCommand (0ms) [Parameters=[], CommandType='Text', CommandTimeout='30']&#xD;
CREATE TABLE "ProfilePackingListItems" (&#xD;
    "PackingListId" TEXT NOT NULL,&#xD;
    "ClothingItemId" TEXT NOT NULL,&#xD;
    "IsPacked" INTEGER NOT NULL,&#xD;
    CONSTRAINT "PK_ProfilePackingListItems" PRIMARY KEY ("PackingListId", "ClothingItemId")&#xD;
);&#xD;
[15:32:11 INF] Executed DbCommand (0ms) [Parameters=[], CommandType='Text', CommandTimeout='30']&#xD;
CREATE TABLE "ProfilePackingLists" (&#xD;
    "Id" TEXT NOT NULL CONSTRAINT "PK_ProfilePackingLists" PRIMARY KEY,&#xD;
    "TripId" TEXT NOT NULL,&#xD;
    "ProfileId" TEXT NOT NULL,&#xD;
    "UserId" TEXT NOT NULL,&#xD;
    "CreatedAt" TEXT NOT NULL&#xD;
);&#xD;
[15:32:11 INF] Executed DbCommand (0ms) [Parameters=[], CommandType='Text', CommandTimeout='30']&#xD;
CREATE TABLE "TripProfiles" (&#xD;
    "TripId" TEXT NOT NULL,&#xD;
    "ProfileId" TEXT NOT NULL,&#xD;
    "UserId" TEXT NOT NULL,&#xD;
    CONSTRAINT "PK_TripProfiles" PRIMARY KEY ("TripId", "ProfileId")&#xD;
);&#xD;
[15:32:11 INF] Executed DbCommand (0ms) [Parameters=[], CommandType='Text', CommandTimeout='30']&#xD;
CREATE TABLE "Trips" (&#xD;
    "Id" TEXT NOT NULL CONSTRAINT "PK_Trips" PRIMARY KEY,&#xD;
    "UserId" TEXT NOT NULL,&#xD;
    "Destination" TEXT NOT NULL,&#xD;
    "StartDate" TEXT NOT NULL,&#xD;
    "EndDate" TEXT NOT NULL,&#xD;
    "MinimumTemperatureCelsius" INTEGER NOT NULL,&#xD;
    "MaximumTemperatureCelsius" INTEGER NOT NULL,&#xD;
    "Activities" TEXT NOT NULL&#xD;
);&#xD;
[15:32:11 INF] Executed DbCommand (0ms) [Parameters=[], CommandType='Text', CommandTimeout='30']&#xD;
CREATE TABLE "Users" (&#xD;
    "Id" TEXT NOT NULL CONSTRAINT "PK_Users" PRIMARY KEY,&#xD;
    "Name" TEXT NOT NULL&#xD;
);&#xD;
[15:32:11 INF] Executed DbCommand (0ms) [Parameters=[], CommandType='Text', CommandTimeout='30']&#xD;
CREATE UNIQUE INDEX "IX_ClothingItems_UserId_Name" ON "ClothingItems" ("UserId", "Name");&#xD;
[15:32:11 INF] Executed DbCommand (0ms) [Parameters=[], CommandType='Text', CommandTimeout='30']&#xD;
CREATE UNIQUE INDEX "IX_PackingLists_UserId_TripId" ON "PackingLists" ("UserId", "TripId");&#xD;
[15:32:11 INF] Executed DbCommand (0ms) [Parameters=[], CommandType='Text', CommandTimeout='30']&#xD;
CREATE UNIQUE INDEX "IX_ProfilePackingLists_UserId_TripId_ProfileId" ON "ProfilePackingLists" ("UserId", "TripId", "ProfileId");&#xD;
[15:32:11 INF] Executed DbCommand (0ms) [Parameters=[], CommandType='Text', CommandTimeout='30']&#xD;
INSERT INTO "__EFMigrationsHistory" ("MigrationId", "ProductVersion")&#xD;
VALUES ('20260831111529_InitialCreate', '10.0.9');&#xD;
[15:32:11 INF] Applying migration '20260831135718_AddQueryIndexes'.&#xD;
[15:32:11 INF] Executed DbCommand (0ms) [Parameters=[], CommandType='Text', CommandTimeout='30']&#xD;
CREATE INDEX "IX_Trips_UserId_StartDate" ON "Trips" ("UserId", "StartDate");&#xD;
[15:32:11 INF] Executed DbCommand (0ms) [Parameters=[], CommandType='Text', CommandTimeout='30']&#xD;
CREATE INDEX "IX_TripProfiles_UserId_TripId" ON "TripProfiles" ("UserId", "TripId");&#xD;
[15:32:11 INF] Executed DbCommand (0ms) [Parameters=[], CommandType='Text', CommandTimeout='30']&#xD;
CREATE UNIQUE INDEX "IX_FamilyProfiles_UserId_Name" ON "FamilyProfiles" ("UserId", "Name");&#xD;
[15:32:11 INF] Executed DbCommand (0ms) [Parameters=[], CommandType='Text', CommandTimeout='30']&#xD;
CREATE INDEX "IX_ClothingItems_UserId_IsDeleted" ON "ClothingItems" ("UserId", "IsDeleted");&#xD;
[15:32:11 INF] Executed DbCommand (0ms) [Parameters=[], CommandType='Text', CommandTimeout='30']&#xD;
CREATE INDEX "IX_ClothingItems_UserId_OwnerProfileId" ON "ClothingItems" ("UserId", "OwnerProfileId");&#xD;
[15:32:11 INF] Executed DbCommand (0ms) [Parameters=[], CommandType='Text', CommandTimeout='30']&#xD;
CREATE INDEX "IX_ChecklistItems_UserId_TripId" ON "ChecklistItems" ("UserId", "TripId");&#xD;
[15:32:11 INF] Executed DbCommand (0ms) [Parameters=[], CommandType='Text', CommandTimeout='30']&#xD;
INSERT INTO "__EFMigrationsHistory" ("MigrationId", "ProductVersion")&#xD;
VALUES ('20260831135718_AddQueryIndexes', '10.0.9');&#xD;
[15:32:11 INF] Applying migration '20260831142243_AddTripPlanningAndTravellerManagement'.&#xD;
[15:32:11 INF] Executed DbCommand (0ms) [Parameters=[], CommandType='Text', CommandTimeout='30']&#xD;
ALTER TABLE "Trips" ADD "CabinOnly" INTEGER NOT NULL DEFAULT 1;&#xD;
[15:32:11 INF] Executed DbCommand (0ms) [Parameters=[], CommandType='Text', CommandTimeout='30']&#xD;
ALTER TABLE "Trips" ADD "LuggageAllowanceGrams" INTEGER NOT NULL DEFAULT 10000;&#xD;
[15:32:11 INF] Executed DbCommand (0ms) [Parameters=[], CommandType='Text', CommandTimeout='30']&#xD;
ALTER TABLE "Trips" ADD "TemplateKey" TEXT NULL;&#xD;
[15:32:11 INF] Executed DbCommand (0ms) [Parameters=[], CommandType='Text', CommandTimeout='30']&#xD;
ALTER TABLE "FamilyProfiles" ADD "IsArchived" INTEGER NOT NULL DEFAULT 0;&#xD;
[15:32:11 INF] Executed DbCommand (0ms) [Parameters=[], CommandType='Text', CommandTimeout='30']&#xD;
CREATE INDEX "IX_FamilyProfiles_UserId_IsArchived" ON "FamilyProfiles" ("UserId", "IsArchived");&#xD;
[15:32:11 INF] Executed DbCommand (0ms) [Parameters=[], CommandType='Text', CommandTimeout='30']&#xD;
INSERT INTO "__EFMigrationsHistory" ("MigrationId", "ProductVersion")&#xD;
VALUES ('20260831142243_AddTripPlanningAndTravellerManagement', '10.0.9');&#xD;
[15:32:11 INF] Applying migration '20260901085908_AddChecklistProfiles'.&#xD;
[15:32:11 INF] Executed DbCommand (0ms) [Parameters=[], CommandType='Text', CommandTimeout='30']&#xD;
ALTER TABLE "ChecklistItems" ADD "ProfileId" TEXT NULL;&#xD;
[15:32:11 INF] Executed DbCommand (0ms) [Parameters=[], CommandType='Text', CommandTimeout='30']&#xD;
INSERT INTO "__EFMigrationsHistory" ("MigrationId", "ProductVersion")&#xD;
VALUES ('20260901085908_AddChecklistProfiles', '10.0.9');&#xD;
[15:32:11 INF] Applying migration '20260901101403_AddClothingPhoto'.&#xD;
[15:32:11 INF] Executed DbCommand (0ms) [Parameters=[], CommandType='Text', CommandTimeout='30']&#xD;
ALTER TABLE "ClothingItems" ADD "PhotoUrl" TEXT NULL;&#xD;
[15:32:11 INF] Executed DbCommand (0ms) [Parameters=[], CommandType='Text', CommandTimeout='30']&#xD;
INSERT INTO "__EFMigrationsHistory" ("MigrationId", "ProductVersion")&#xD;
VALUES ('20260901101403_AddClothingPhoto', '10.0.9');&#xD;
[15:32:11 INF] Applying migration '20260901102039_AddTravellerNotes'.&#xD;
[15:32:11 INF] Executed DbCommand (0ms) [Parameters=[], CommandType='Text', CommandTimeout='30']&#xD;
ALTER TABLE "FamilyProfiles" ADD "MedicalNotes" TEXT NULL;&#xD;
[15:32:11 INF] Executed DbCommand (0ms) [Parameters=[], CommandType='Text', CommandTimeout='30']&#xD;
ALTER TABLE "FamilyProfiles" ADD "PackingNotes" TEXT NULL;&#xD;
[15:32:11 INF] Executed DbCommand (0ms) [Parameters=[], CommandType='Text', CommandTimeout='30']&#xD;
INSERT INTO "__EFMigrationsHistory" ("MigrationId", "ProductVersion")&#xD;
VALUES ('20260901102039_AddTravellerNotes', '10.0.9');&#xD;
[15:32:11 INF] Applying migration '20260901110846_AddUserTripTemplates'.&#xD;
[15:32:11 INF] Executed DbCommand (0ms) [Parameters=[], CommandType='Text', CommandTimeout='30']&#xD;
CREATE TABLE "UserTripTemplates" (&#xD;
    "Id" TEXT NOT NULL CONSTRAINT "PK_UserTripTemplates" PRIMARY KEY,&#xD;
    "UserId" TEXT NOT NULL,&#xD;
    "Name" TEXT NOT NULL,&#xD;
    "Description" TEXT NOT NULL,&#xD;
    "Activities" TEXT NOT NULL,&#xD;
    "MinimumTemperatureCelsius" INTEGER NOT NULL,&#xD;
    "MaximumTemperatureCelsius" INTEGER NOT NULL,&#xD;
    "LuggageAllowanceGrams" INTEGER NOT NULL,&#xD;
    "CabinOnly" INTEGER NOT NULL&#xD;
);&#xD;
[15:32:11 INF] Executed DbCommand (0ms) [Parameters=[], CommandType='Text', CommandTimeout='30']&#xD;
CREATE UNIQUE INDEX "IX_UserTripTemplates_UserId_Name" ON "UserTripTemplates" ("UserId", "Name");&#xD;
[15:32:11 INF] Executed DbCommand (0ms) [Parameters=[], CommandType='Text', CommandTimeout='30']&#xD;
INSERT INTO "__EFMigrationsHistory" ("MigrationId", "ProductVersion")&#xD;
VALUES ('20260901110846_AddUserTripTemplates', '10.0.9');&#xD;
[15:32:11 INF] Applying migration '20260902100000_AddTripItineraryAndLuggageProfile'.&#xD;
[15:32:11 INF] Executed DbCommand (0ms) [Parameters=[], CommandType='Text', CommandTimeout='30']&#xD;
ALTER TABLE "Trips" ADD "DayPlans" TEXT NOT NULL DEFAULT '[]';&#xD;
[15:32:11 INF] Executed DbCommand (0ms) [Parameters=[], CommandType='Text', CommandTimeout='30']&#xD;
ALTER TABLE "Trips" ADD "LuggageDepthCentimetres" INTEGER NOT NULL DEFAULT 20;&#xD;
[15:32:11 INF] Executed DbCommand (0ms) [Parameters=[], CommandType='Text', CommandTimeout='30']&#xD;
ALTER TABLE "Trips" ADD "LuggageHeightCentimetres" INTEGER NOT NULL DEFAULT 55;&#xD;
[15:32:11 INF] Executed DbCommand (0ms) [Parameters=[], CommandType='Text', CommandTimeout='30']&#xD;
ALTER TABLE "Trips" ADD "LuggageType" INTEGER NOT NULL DEFAULT 1;&#xD;
[15:32:11 INF] Executed DbCommand (0ms) [Parameters=[], CommandType='Text', CommandTimeout='30']&#xD;
ALTER TABLE "Trips" ADD "LuggageWidthCentimetres" INTEGER NOT NULL DEFAULT 40;&#xD;
[15:32:11 INF] Executed DbCommand (0ms) [Parameters=[], CommandType='Text', CommandTimeout='30']&#xD;
INSERT INTO "__EFMigrationsHistory" ("MigrationId", "ProductVersion")&#xD;
VALUES ('20260902100000_AddTripItineraryAndLuggageProfile', '10.0.9');&#xD;
[15:32:11 INF] Applying migration '20260902110000_AddTripAirline'.&#xD;
[15:32:11 INF] Executed DbCommand (0ms) [Parameters=[], CommandType='Text', CommandTimeout='30']&#xD;
ALTER TABLE "Trips" ADD "AirlineCode" TEXT NULL;&#xD;
[15:32:11 INF] Executed DbCommand (0ms) [Parameters=[], CommandType='Text', CommandTimeout='30']&#xD;
INSERT INTO "__EFMigrationsHistory" ("MigrationId", "ProductVersion")&#xD;
VALUES ('20260902110000_AddTripAirline', '10.0.9');&#xD;
[15:32:11 INF] Applying migration '20260902120000_AddTripTransportAndLuggages'.&#xD;
[15:32:11 INF] Executed DbCommand (0ms) [Parameters=[], CommandType='Text', CommandTimeout='30']&#xD;
ALTER TABLE "Trips" ADD "Luggages" TEXT NOT NULL DEFAULT '[]';&#xD;
[15:32:11 INF] Executed DbCommand (0ms) [Parameters=[], CommandType='Text', CommandTimeout='30']&#xD;
ALTER TABLE "Trips" ADD "TransportTypes" TEXT NOT NULL DEFAULT '[]';&#xD;
[15:32:11 INF] Executed DbCommand (0ms) [Parameters=[], CommandType='Text', CommandTimeout='30']&#xD;
INSERT INTO "__EFMigrationsHistory" ("MigrationId", "ProductVersion")&#xD;
VALUES ('20260902120000_AddTripTransportAndLuggages', '10.0.9');&#xD;
[15:32:11 INF] Executed DbCommand (1ms) [Parameters=[], CommandType='Text', CommandTimeout='30']&#xD;
DELETE FROM "__EFMigrationsLock";&#xD;
[15:32:11 INF] Executed DbCommand (3ms) [Parameters=[], CommandType='Text', CommandTimeout='30']&#xD;
SELECT EXISTS (&#xD;
    SELECT 1&#xD;
    FROM "Users" AS "u")&#xD;
[15:32:11 INF] Executed DbCommand (4ms) [Parameters=[@p0='?' (DbType = Guid), @p1='?' (Size = 4), @p2='?' (Size = 2), @p3='?' (DbType = Boolean), @p4='?' (DbType = Boolean), @p5='?' (DbType = Boolean), @p6='?' (Size = 20), @p7='?' (DbType = Guid), @p8='?', @p9='?' (DbType = Int32), @p10='?' (DbType = Int32), @p11='?' (DbType = Int32), @p12='?' (DbType = Int32), @p13='?' (DbType = Guid), @p14='?' (DbType = Int32), @p15='?' (DbType = Boolean), @p16='?' (DbType = Int32)], CommandType='Text', CommandTimeout='30']&#xD;
INSERT INTO "ClothingItems" ("Id", "Color", "CombinationIds", "IsAvailable", "IsClean", "IsDeleted", "Name", "OwnerProfileId", "PhotoUrl", "PreferenceScore", "Season", "Style", "Type", "UserId", "WarmthLevel", "Waterproof", "WeightGrams")&#xD;
VALUES (@p0, @p1, @p2, @p3, @p4, @p5, @p6, @p7, @p8, @p9, @p10, @p11, @p12, @p13, @p14, @p15, @p16);&#xD;
[15:32:11 INF] Executed DbCommand (0ms) [Parameters=[@p0='?' (DbType = Guid), @p1='?' (Size = 5), @p2='?' (Size = 79), @p3='?' (DbType = Boolean), @p4='?' (DbType = Boolean), @p5='?' (DbType = Boolean), @p6='?' (Size = 20), @p7='?' (DbType = Guid), @p8='?', @p9='?' (DbType = Int32), @p10='?' (DbType = Int32), @p11='?' (DbType = Int32), @p12='?' (DbType = Int32), @p13='?' (DbType = Guid), @p14='?' (DbType = Int32), @p15='?' (DbType = Boolean), @p16='?' (DbType = Int32)], CommandType='Text', CommandTimeout='30']&#xD;
INSERT INTO "ClothingItems" ("Id", "Color", "CombinationIds", "IsAvailable", "IsClean", "IsDeleted", "Name", "OwnerProfileId", "PhotoUrl", "PreferenceScore", "Season", "Style", "Type", "UserId", "WarmthLevel", "Waterproof", "WeightGrams")&#xD;
VALUES (@p0, @p1, @p2, @p3, @p4, @p5, @p6, @p7, @p8, @p9, @p10, @p11, @p12, @p13, @p14, @p15, @p16);&#xD;
[15:32:11 INF] Executed DbCommand (0ms) [Parameters=[@p0='?' (DbType = Guid), @p1='?' (Size = 4), @p2='?' (Size = 40), @p3='?' (DbType = Boolean), @p4='?' (DbType = Boolean), @p5='?' (DbType = Boolean), @p6='?' (Size = 18), @p7='?' (DbType = Guid), @p8='?', @p9='?' (DbType = Int32), @p10='?' (DbType = Int32), @p11='?' (DbType = Int32), @p12='?' (DbType = Int32), @p13='?' (DbType = Guid), @p14='?' (DbType = Int32), @p15='?' (DbType = Boolean), @p16='?' (DbType = Int32)], CommandType='Text', CommandTimeout='30']&#xD;
INSERT INTO "ClothingItems" ("Id", "Color", "CombinationIds", "IsAvailable", "IsClean", "IsDeleted", "Name", "OwnerProfileId", "PhotoUrl", "PreferenceScore", "Season", "Style", "Type", "UserId", "WarmthLevel", "Waterproof", "WeightGrams")&#xD;
VALUES (@p0, @p1, @p2, @p3, @p4, @p5, @p6, @p7, @p8, @p9, @p10, @p11, @p12, @p13, @p14, @p15, @p16);&#xD;
[15:32:11 INF] Executed DbCommand (0ms) [Parameters=[@p0='?' (DbType = Guid), @p1='?' (Size = 6), @p2='?' (Size = 79), @p3='?' (DbType = Boolean), @p4='?' (DbType = Boolean), @p5='?' (DbType = Boolean), @p6='?' (Size = 22), @p7='?' (DbType = Guid), @p8='?', @p9='?' (DbType = Int32), @p10='?' (DbType = Int32), @p11='?' (DbType = Int32), @p12='?' (DbType = Int32), @p13='?' (DbType = Guid), @p14='?' (DbType = Int32), @p15='?' (DbType = Boolean), @p16='?' (DbType = Int32)], CommandType='Text', CommandTimeout='30']&#xD;
INSERT INTO "ClothingItems" ("Id", "Color", "CombinationIds", "IsAvailable", "IsClean", "IsDeleted", "Name", "OwnerProfileId", "PhotoUrl", "PreferenceScore", "Season", "Style", "Type", "UserId", "WarmthLevel", "Waterproof", "WeightGrams")&#xD;
VALUES (@p0, @p1, @p2, @p3, @p4, @p5, @p6, @p7, @p8, @p9, @p10, @p11, @p12, @p13, @p14, @p15, @p16);&#xD;
[15:32:11 INF] Executed DbCommand (0ms) [Parameters=[@p0='?' (DbType = Guid), @p1='?' (Size = 6), @p2='?' (Size = 79), @p3='?' (DbType = Boolean), @p4='?' (DbType = Boolean), @p5='?' (DbType = Boolean), @p6='?' (Size = 22), @p7='?' (DbType = Guid), @p8='?', @p9='?' (DbType = Int32), @p10='?' (DbType = Int32), @p11='?' (DbType = Int32), @p12='?' (DbType = Int32), @p13='?' (DbType = Guid), @p14='?' (DbType = Int32), @p15='?' (DbType = Boolean), @p16='?' (DbType = Int32)], CommandType='Text', CommandTimeout='30']&#xD;
INSERT INTO "ClothingItems" ("Id", "Color", "CombinationIds", "IsAvailable", "IsClean", "IsDeleted", "Name", "OwnerProfileId", "PhotoUrl", "PreferenceScore", "Season", "Style", "Type", "UserId", "WarmthLevel", "Waterproof", "WeightGrams")&#xD;
VALUES (@p0, @p1, @p2, @p3, @p4, @p5, @p6, @p7, @p8, @p9, @p10, @p11, @p12, @p13, @p14, @p15, @p16);&#xD;
[15:32:11 INF] Executed DbCommand (0ms) [Parameters=[@p0='?' (DbType = Guid), @p1='?' (Size = 5), @p2='?' (Size = 40), @p3='?' (DbType = Boolean), @p4='?' (DbType = Boolean), @p5='?' (DbType = Boolean), @p6='?' (Size = 14), @p7='?' (DbType = Guid), @p8='?', @p9='?' (DbType = Int32), @p10='?' (DbType = Int32), @p11='?' (DbType = Int32), @p12='?' (DbType = Int32), @p13='?' (DbType = Guid), @p14='?' (DbType = Int32), @p15='?' (DbType = Boolean), @p16='?' (DbType = Int32)], CommandType='Text', CommandTimeout='30']&#xD;
INSERT INTO "ClothingItems" ("Id", "Color", "CombinationIds", "IsAvailable", "IsClean", "IsDeleted", "Name", "OwnerProfileId", "PhotoUrl", "PreferenceScore", "Season", "Style", "Type", "UserId", "WarmthLevel", "Waterproof", "WeightGrams")&#xD;
VALUES (@p0, @p1, @p2, @p3, @p4, @p5, @p6, @p7, @p8, @p9, @p10, @p11, @p12, @p13, @p14, @p15, @p16);&#xD;
[15:32:11 INF] Executed DbCommand (0ms) [Parameters=[@p0='?' (DbType = Guid), @p1='?' (Size = 6), @p2='?' (Size = 40), @p3='?' (DbType = Boolean), @p4='?' (DbType = Boolean), @p5='?' (DbType = Boolean), @p6='?' (Size = 18), @p7='?' (DbType = Guid), @p8='?', @p9='?' (DbType = Int32), @p10='?' (DbType = Int32), @p11='?' (DbType = Int32), @p12='?' (DbType = Int32), @p13='?' (DbType = Guid), @p14='?' (DbType = Int32), @p15='?' (DbType = Boolean), @p16='?' (DbType = Int32)], CommandType='Text', CommandTimeout='30']&#xD;
INSERT INTO "ClothingItems" ("Id", "Color", "CombinationIds", "IsAvailable", "IsClean", "IsDeleted", "Name", "OwnerProfileId", "PhotoUrl", "PreferenceScore", "Season", "Style", "Type", "UserId", "WarmthLevel", "Waterproof", "WeightGrams")&#xD;
VALUES (@p0, @p1, @p2, @p3, @p4, @p5, @p6, @p7, @p8, @p9, @p10, @p11, @p12, @p13, @p14, @p15, @p16);&#xD;
[15:32:11 INF] Executed DbCommand (0ms) [Parameters=[@p0='?' (DbType = Guid), @p1='?' (Size = 4), @p2='?' (Size = 40), @p3='?' (DbType = Boolean), @p4='?' (DbType = Boolean), @p5='?' (DbType = Boolean), @p6='?' (Size = 25), @p7='?' (DbType = Guid), @p8='?', @p9='?' (DbType = Int32), @p10='?' (DbType = Int32), @p11='?' (DbType = Int32), @p12='?' (DbType = Int32), @p13='?' (DbType = Guid), @p14='?' (DbType = Int32), @p15='?' (DbType = Boolean), @p16='?' (DbType = Int32)], CommandType='Text', CommandTimeout='30']&#xD;
INSERT INTO "ClothingItems" ("Id", "Color", "CombinationIds", "IsAvailable", "IsClean", "IsDeleted", "Name", "OwnerProfileId", "PhotoUrl", "PreferenceScore", "Season", "Style", "Type", "UserId", "WarmthLevel", "Waterproof", "WeightGrams")&#xD;
VALUES (@p0, @p1, @p2, @p3, @p4, @p5, @p6, @p7, @p8, @p9, @p10, @p11, @p12, @p13, @p14, @p15, @p16);&#xD;
[15:32:11 INF] Executed DbCommand (0ms) [Parameters=[@p0='?' (DbType = Guid), @p1='?' (DbType = Boolean), @p2='?', @p3='?' (Size = 4), @p4='?', @p5='?' (DbType = Guid)], CommandType='Text', CommandTimeout='30']&#xD;
INSERT INTO "FamilyProfiles" ("Id", "IsArchived", "MedicalNotes", "Name", "PackingNotes", "UserId")&#xD;
VALUES (@p0, @p1, @p2, @p3, @p4, @p5);&#xD;
[15:32:11 INF] Executed DbCommand (0ms) [Parameters=[@p0='?' (DbType = Guid), @p1='?' (Size = 5), @p2='?', @p3='?' (DbType = Boolean), @p4='?' (Size = 2), @p5='?' (Size = 4), @p6='?' (DbType = Date), @p7='?' (DbType = Int32), @p8='?' (DbType = Int32), @p9='?' (DbType = Int32), @p10='?' (DbType = Int32), @p11='?' (DbType = Int32), @p12='?' (Size = 158), @p13='?' (DbType = Int32), @p14='?' (DbType = Int32), @p15='?' (DbType = Date), @p16='?', @p17='?' (Size = 2), @p18='?' (DbType = Guid)], CommandType='Text', CommandTimeout='30']&#xD;
INSERT INTO "Trips" ("Id", "Activities", "AirlineCode", "CabinOnly", "DayPlans", "Destination", "EndDate", "LuggageAllowanceGrams", "LuggageDepthCentimetres", "LuggageHeightCentimetres", "LuggageType", "LuggageWidthCentimetres", "Luggages", "MaximumTemperatureCelsius", "MinimumTemperatureCelsius", "StartDate", "TemplateKey", "TransportTypes", "UserId")&#xD;
VALUES (@p0, @p1, @p2, @p3, @p4, @p5, @p6, @p7, @p8, @p9, @p10, @p11, @p12, @p13, @p14, @p15, @p16, @p17, @p18);&#xD;
[15:32:11 INF] Executed DbCommand (0ms) [Parameters=[@p0='?' (DbType = Guid), @p1='?' (Size = 4)], CommandType='Text', CommandTimeout='30']&#xD;
INSERT INTO "Users" ("Id", "Name")&#xD;
VALUES (@p0, @p1);&#xD;
[15:32:11 INF] Using ephemeral data protection provider. Payloads will be undecipherable upon application shutdown.&#xD;
[15:32:11 INF] User profile is available. Using 'C:\Users\raul.gonzalez\AppData\Local\ASP.NET\DataProtection-Keys' as key repository and Windows DPAPI to encrypt keys at rest.&#xD;
[15:32:11 INF] Application started. Press Ctrl+C to shut down.&#xD;
[15:32:11 INF] Hosting environment: Testing&#xD;
[15:32:11 INF] Content root path: C:\alpiq\SmartPacking\src\SmartPacking.Api&#xD;
[15:32:11 INF] Request starting HTTP/1.1 POST http://localhost/api/wardrobe - application/json; charset=utf-8 227&#xD;
[15:32:12 INF] Executing endpoint 'SmartPacking.Api.Controllers.WardrobeController.CreateAsync (SmartPacking.Api)'&#xD;
[15:32:12 INF] Route matched with {action = "Create", controller = "Wardrobe"}. Executing controller action with signature System.Threading.Tasks.Task`1[Microsoft.AspNetCore.Mvc.ActionResult`1[SmartPacking.Contracts.ApiResult`1[SmartPacking.Api.Contracts.ClothingItemResponse]]] CreateAsync(SmartPacking.Api.Contracts.UpsertClothingItemRequest, System.Threading.CancellationToken) on controller SmartPacking.Api.Controllers.WardrobeController (SmartPacking.Api).&#xD;
[15:32:12 INF] Executing action method SmartPacking.Api.Controllers.WardrobeController.CreateAsync (SmartPacking.Api) - Validation state: Valid&#xD;
[15:32:12 INF] Executed DbCommand (5ms) [Parameters=[], CommandType='Text', CommandTimeout='30']&#xD;
SELECT "u"."Id", "u"."Name"&#xD;
FROM "Users" AS "u"&#xD;
LIMIT 2&#xD;
[15:32:12 INF] Executed DbCommand (7ms) [Parameters=[@p0='?' (DbType = Guid), @p1='?' (Size = 4), @p2='?' (Size = 2), @p3='?' (DbType = Boolean), @p4='?' (DbType = Boolean), @p5='?' (DbType = Boolean), @p6='?' (Size = 18), @p7='?' (DbType = Guid), @p8='?', @p9='?' (DbType = Int32), @p10='?' (DbType = Int32), @p11='?' (DbType = Int32), @p12='?' (DbType = Int32), @p13='?' (DbType = Guid), @p14='?' (DbType = Int32), @p15='?' (DbType = Boolean), @p16='?' (DbType = Int32)], CommandType='Text', CommandTimeout='30']&#xD;
INSERT INTO "ClothingItems" ("Id", "Color", "CombinationIds", "IsAvailable", "IsClean", "IsDeleted", "Name", "OwnerProfileId", "PhotoUrl", "PreferenceScore", "Season", "Style", "Type", "UserId", "WarmthLevel", "Waterproof", "WeightGrams")&#xD;
VALUES (@p0, @p1, @p2, @p3, @p4, @p5, @p6, @p7, @p8, @p9, @p10, @p11, @p12, @p13, @p14, @p15, @p16);&#xD;
[15:32:12 INF] Executed action method SmartPacking.Api.Controllers.WardrobeController.CreateAsync (SmartPacking.Api), returned result Microsoft.AspNetCore.Mvc.CreatedResult in 106.1441ms.&#xD;
[15:32:12 INF] Executing CreatedResult, writing value of type 'SmartPacking.Contracts.ApiResult`1[[SmartPacking.Api.Contracts.ClothingItemResponse, SmartPacking.Api, Version=1.0.0.0, Culture=neutral, PublicKeyToken=null]]'.&#xD;
[15:32:12 INF] Executed action SmartPacking.Api.Controllers.WardrobeController.CreateAsync (SmartPacking.Api) in 154.6334ms&#xD;
[15:32:12 INF] Executed endpoint 'SmartPacking.Api.Controllers.WardrobeController.CreateAsync (SmartPacking.Api)'&#xD;
[15:32:12 INF] HTTP POST /api/wardrobe responded 201 in 177.8696 ms&#xD;
[15:32:12 INF] Request finished HTTP/1.1 POST http://localhost/api/wardrobe - 201 null application/json; charset=utf-8 208.4677ms&#xD;
[15:32:12 INF] Request starting HTTP/1.1 DELETE http://localhost/api/wardrobe/23805b20-4877-4888-a2db-0dd9dfaa6819 - null null&#xD;
[15:32:12 INF] Executing endpoint 'SmartPacking.Api.Controllers.WardrobeController.DeleteAsync (SmartPacking.Api)'&#xD;
[15:32:12 INF] Route matched with {action = "Delete", controller = "Wardrobe"}. Executing controller action with signature System.Threading.Tasks.Task`1[Microsoft.AspNetCore.Mvc.IActionResult] DeleteAsync(System.Guid, System.Threading.CancellationToken) on controller SmartPacking.Api.Controllers.WardrobeController (SmartPacking.Api).&#xD;
[15:32:12 INF] Executing action method SmartPacking.Api.Controllers.WardrobeController.DeleteAsync (SmartPacking.Api) - Validation state: Valid&#xD;
[15:32:12 INF] Executed DbCommand (3ms) [Parameters=[], CommandType='Text', CommandTimeout='30']&#xD;
SELECT "u"."Id", "u"."Name"&#xD;
FROM "Users" AS "u"&#xD;
LIMIT 2&#xD;
[15:32:12 INF] Executed DbCommand (4ms) [Parameters=[@userId='?' (DbType = Guid), @clothingItemId='?' (DbType = Guid)], CommandType='Text', CommandTimeout='30']&#xD;
SELECT "c"."Id", "c"."Color", "c"."CombinationIds", "c"."IsAvailable", "c"."IsClean", "c"."IsDeleted", "c"."Name", "c"."OwnerProfileId", "c"."PhotoUrl", "c"."PreferenceScore", "c"."Season", "c"."Style", "c"."Type", "c"."UserId", "c"."WarmthLevel", "c"."Waterproof", "c"."WeightGrams"&#xD;
FROM "ClothingItems" AS "c"&#xD;
WHERE "c"."UserId" = @userId AND "c"."Id" = @clothingItemId&#xD;
LIMIT 2&#xD;
[15:32:12 INF] Executed DbCommand (4ms) [Parameters=[@p1='?' (DbType = Guid), @p0='?' (DbType = Boolean)], CommandType='Text', CommandTimeout='30']&#xD;
UPDATE "ClothingItems" SET "IsDeleted" = @p0&#xD;
WHERE "Id" = @p1&#xD;
RETURNING 1;&#xD;
[15:32:12 INF] Executed action method SmartPacking.Api.Controllers.WardrobeController.DeleteAsync (SmartPacking.Api), returned result Microsoft.AspNetCore.Mvc.NoContentResult in 137.8134ms.&#xD;
[15:32:12 INF] Executing StatusCodeResult, setting HTTP status code 204&#xD;
[15:32:12 INF] Executed action SmartPacking.Api.Controllers.WardrobeController.DeleteAsync (SmartPacking.Api) in 145.7714ms&#xD;
[15:32:12 INF] Executed endpoint 'SmartPacking.Api.Controllers.WardrobeController.DeleteAsync (SmartPacking.Api)'&#xD;
[15:32:12 INF] HTTP DELETE /api/wardrobe/23805b20-4877-4888-a2db-0dd9dfaa6819 responded 204 in 153.1593 ms&#xD;
[15:32:12 INF] Request finished HTTP/1.1 DELETE http://localhost/api/wardrobe/23805b20-4877-4888-a2db-0dd9dfaa6819 - 204 null null 155.6853ms&#xD;
[15:32:12 INF] Request starting HTTP/1.1 GET http://localhost/api/wardrobe/deleted - null null&#xD;
[15:32:12 INF] Executing endpoint 'SmartPacking.Api.Controllers.WardrobeController.GetDeletedAsync (SmartPacking.Api)'&#xD;
[15:32:12 INF] Route matched with {action = "GetDeleted", controller = "Wardrobe"}. Executing controller action with signature System.Threading.Tasks.Task`1[Microsoft.AspNetCore.Mvc.ActionResult`1[SmartPacking.Contracts.ApiResult`1[System.Collections.Generic.IReadOnlyList`1[SmartPacking.Api.Contracts.ClothingItemResponse]]]] GetDeletedAsync(Int32, Int32, System.Threading.CancellationToken) on controller SmartPacking.Api.Controllers.WardrobeController (SmartPacking.Api).&#xD;
[15:32:12 INF] Executing action method SmartPacking.Api.Controllers.WardrobeController.GetDeletedAsync (SmartPacking.Api) - Validation state: Valid&#xD;
[15:32:12 INF] Executed DbCommand (4ms) [Parameters=[], CommandType='Text', CommandTimeout='30']&#xD;
SELECT "u"."Id", "u"."Name"&#xD;
FROM "Users" AS "u"&#xD;
LIMIT 2&#xD;
[15:32:12 INF] Executed DbCommand (4ms) [Parameters=[@userId='?' (DbType = Guid), @isDeleted='?' (DbType = Boolean), @p3='?' (DbType = Int32), @p='?' (DbType = Int32)], CommandType='Text', CommandTimeout='30']&#xD;
SELECT "c"."Id", "c"."Color", "c"."CombinationIds", "c"."IsAvailable", "c"."IsClean", "c"."IsDeleted", "c"."Name", "c"."OwnerProfileId", "c"."PhotoUrl", "c"."PreferenceScore", "c"."Season", "c"."Style", "c"."Type", "c"."UserId", "c"."WarmthLevel", "c"."Waterproof", "c"."WeightGrams"&#xD;
FROM "ClothingItems" AS "c"&#xD;
WHERE "c"."UserId" = @userId AND "c"."IsDeleted" = @isDeleted&#xD;
ORDER BY "c"."Name"&#xD;
LIMIT @p3 OFFSET @p&#xD;
[15:32:12 INF] Executed action method SmartPacking.Api.Controllers.WardrobeController.GetDeletedAsync (SmartPacking.Api), returned result Microsoft.AspNetCore.Mvc.OkObjectResult in 37.4572ms.&#xD;
[15:32:12 INF] Executing OkObjectResult, writing value of type 'SmartPacking.Contracts.ApiResult`1[[System.Collections.Generic.IReadOnlyList`1[[SmartPacking.Api.Contracts.ClothingItemResponse, SmartPacking.Api, Version=1.0.0.0, Culture=neutral, PublicKeyToken=null]], System.Private.CoreLib, Version=10.0.0.0, Culture=neutral, PublicKeyToken=7cec85d7bea7798e]]'.&#xD;
[15:32:12 INF] Executed action SmartPacking.Api.Controllers.WardrobeController.GetDeletedAsync (SmartPacking.Api) in 40.0207ms&#xD;
[15:32:12 INF] Executed endpoint 'SmartPacking.Api.Controllers.WardrobeController.GetDeletedAsync (SmartPacking.Api)'&#xD;
[15:32:12 INF] HTTP GET /api/wardrobe/deleted responded 200 in 45.5523 ms&#xD;
[15:32:12 INF] Request finished HTTP/1.1 GET http://localhost/api/wardrobe/deleted - 200 null application/json; charset=utf-8 46.8811ms&#xD;
[15:32:12 INF] Request starting HTTP/1.1 POST http://localhost/api/wardrobe/23805b20-4877-4888-a2db-0dd9dfaa6819/restore - null null&#xD;
[15:32:12 INF] Executing endpoint 'SmartPacking.Api.Controllers.WardrobeController.RestoreAsync (SmartPacking.Api)'&#xD;
[15:32:12 INF] Route matched with {action = "Restore", controller = "Wardrobe"}. Executing controller action with signature System.Threading.Tasks.Task`1[Microsoft.AspNetCore.Mvc.IActionResult] RestoreAsync(System.Guid, System.Threading.CancellationToken) on controller SmartPacking.Api.Controllers.WardrobeController (SmartPacking.Api).&#xD;
[15:32:12 INF] Executing action method SmartPacking.Api.Controllers.WardrobeController.RestoreAsync (SmartPacking.Api) - Validation state: Valid&#xD;
[15:32:12 INF] Executed DbCommand (4ms) [Parameters=[], CommandType='Text', CommandTimeout='30']&#xD;
SELECT "u"."Id", "u"."Name"&#xD;
FROM "Users" AS "u"&#xD;
LIMIT 2&#xD;
[15:32:12 INF] Executed DbCommand (5ms) [Parameters=[@userId='?' (DbType = Guid), @clothingItemId='?' (DbType = Guid)], CommandType='Text', CommandTimeout='30']&#xD;
SELECT "c"."Id", "c"."Color", "c"."CombinationIds", "c"."IsAvailable", "c"."IsClean", "c"."IsDeleted", "c"."Name", "c"."OwnerProfileId", "c"."PhotoUrl", "c"."PreferenceScore", "c"."Season", "c"."Style", "c"."Type", "c"."UserId", "c"."WarmthLevel", "c"."Waterproof", "c"."WeightGrams"&#xD;
FROM "ClothingItems" AS "c"&#xD;
WHERE "c"."UserId" = @userId AND "c"."Id" = @clothingItemId AND "c"."IsDeleted"&#xD;
LIMIT 2&#xD;
[15:32:12 INF] Executed DbCommand (3ms) [Parameters=[@p1='?' (DbType = Guid), @p0='?' (DbType = Boolean)], CommandType='Text', CommandTimeout='30']&#xD;
UPDATE "ClothingItems" SET "IsDeleted" = @p0&#xD;
WHERE "Id" = @p1&#xD;
RETURNING 1;&#xD;
[15:32:12 INF] Executed action method SmartPacking.Api.Controllers.WardrobeController.RestoreAsync (SmartPacking.Api), returned result Microsoft.AspNetCore.Mvc.NoContentResult in 47.8797ms.&#xD;
[15:32:12 INF] Executing StatusCodeResult, setting HTTP status code 204&#xD;
[15:32:12 INF] Executed action SmartPacking.Api.Controllers.WardrobeController.RestoreAsync (SmartPacking.Api) in 48.7954ms&#xD;
[15:32:12 INF] Executed endpoint 'SmartPacking.Api.Controllers.WardrobeController.RestoreAsync (SmartPacking.Api)'&#xD;
[15:32:12 INF] HTTP POST /api/wardrobe/23805b20-4877-4888-a2db-0dd9dfaa6819/restore responded 204 in 54.5665 ms&#xD;
[15:32:12 INF] Request finished HTTP/1.1 POST http://localhost/api/wardrobe/23805b20-4877-4888-a2db-0dd9dfaa6819/restore - 204 null null 55.1008ms&#xD;
[15:32:12 INF] Request starting HTTP/1.1 GET http://localhost/api/wardrobe - null null&#xD;
[15:32:12 INF] Executing endpoint 'SmartPacking.Api.Controllers.WardrobeController.GetAsync (SmartPacking.Api)'&#xD;
[15:32:12 INF] Route matched with {action = "Get", controller = "Wardrobe"}. Executing controller action with signature System.Threading.Tasks.Task`1[Microsoft.AspNetCore.Mvc.ActionResult`1[SmartPacking.Contracts.ApiResult`1[System.Collections.Generic.IReadOnlyList`1[SmartPacking.Api.Contracts.ClothingItemResponse]]]] GetAsync(Int32, Int32, System.Threading.CancellationToken) on controller SmartPacking.Api.Controllers.WardrobeController (SmartPacking.Api).&#xD;
[15:32:12 INF] Executing action method SmartPacking.Api.Controllers.WardrobeController.GetAsync (SmartPacking.Api) - Validation state: Valid&#xD;
[15:32:12 INF] Executed DbCommand (4ms) [Parameters=[], CommandType='Text', CommandTimeout='30']&#xD;
SELECT "u"."Id", "u"."Name"&#xD;
FROM "Users" AS "u"&#xD;
LIMIT 2&#xD;
[15:32:12 INF] Executed DbCommand (4ms) [Parameters=[@userId='?' (DbType = Guid), @isDeleted='?' (DbType = Boolean), @p3='?' (DbType = Int32), @p='?' (DbType = Int32)], CommandType='Text', CommandTimeout='30']&#xD;
SELECT "c"."Id", "c"."Color", "c"."CombinationIds", "c"."IsAvailable", "c"."IsClean", "c"."IsDeleted", "c"."Name", "c"."OwnerProfileId", "c"."PhotoUrl", "c"."PreferenceScore", "c"."Season", "c"."Style", "c"."Type", "c"."UserId", "c"."WarmthLevel", "c"."Waterproof", "c"."WeightGrams"&#xD;
FROM "ClothingItems" AS "c"&#xD;
WHERE "c"."UserId" = @userId AND "c"."IsDeleted" = @isDeleted&#xD;
ORDER BY "c"."Name"&#xD;
LIMIT @p3 OFFSET @p&#xD;
[15:32:12 INF] Executed action method SmartPacking.Api.Controllers.WardrobeController.GetAsync (SmartPacking.Api), returned result Microsoft.AspNetCore.Mvc.OkObjectResult in 26.9408ms.&#xD;
[15:32:12 INF] Executing OkObjectResult, writing value of type 'SmartPacking.Contracts.ApiResult`1[[System.Collections.Generic.IReadOnlyList`1[[SmartPacking.Api.Contracts.ClothingItemResponse, SmartPacking.Api, Version=1.0.0.0, Culture=neutral, PublicKeyToken=null]], System.Private.CoreLib, Version=10.0.0.0, Culture=neutral, PublicKeyToken=7cec85d7bea7798e]]'.&#xD;
[15:32:12 INF] Executed action SmartPacking.Api.Controllers.WardrobeController.GetAsync (SmartPacking.Api) in 27.7557ms&#xD;
[15:32:12 INF] Executed endpoint 'SmartPacking.Api.Controllers.WardrobeController.GetAsync (SmartPacking.Api)'&#xD;
[15:32:12 INF] HTTP GET /api/wardrobe responded 200 in 34.1955 ms&#xD;
[15:32:12 INF] Request finished HTTP/1.1 GET http://localhost/api/wardrobe - 200 null application/json; charset=utf-8 34.506ms&#xD;
[15:32:12 INF] Application is shutting down...&#xD;
[15:32:12 INF] Executed DbCommand (6ms) [Parameters=[], CommandType='Text', CommandTimeout='30']&#xD;
PRAGMA journal_mode = 'wal';&#xD;
[15:32:12 INF] Acquiring an exclusive lock for migration application. See https://aka.ms/efcore-docs-migrations-lock for more information if this takes too long.&#xD;
[15:32:12 INF] Executed DbCommand (4ms) [Parameters=[], CommandType='Text', CommandTimeout='30']&#xD;
SELECT COUNT(*) FROM "sqlite_master" WHERE "name" = '__EFMigrationsLock' AND "type" = 'table';&#xD;
[15:32:12 INF] Executed DbCommand (2ms) [Parameters=[], CommandType='Text', CommandTimeout='30']&#xD;
CREATE TABLE IF NOT EXISTS "__EFMigrationsLock" (&#xD;
    "Id" INTEGER NOT NULL CONSTRAINT "PK___EFMigrationsLock" PRIMARY KEY,&#xD;
    "Timestamp" TEXT NOT NULL&#xD;
);&#xD;
[15:32:12 INF] Executed DbCommand (1ms) [Parameters=[], CommandType='Text', CommandTimeout='30']&#xD;
INSERT OR IGNORE INTO "__EFMigrationsLock"("Id", "Timestamp") VALUES(1, '2026-09-02 13:32:12.5880403+00:00');&#xD;
SELECT changes();&#xD;
[15:32:12 INF] Executed DbCommand (0ms) [Parameters=[], CommandType='Text', CommandTimeout='30']&#xD;
CREATE TABLE IF NOT EXISTS "__EFMigrationsHistory" (&#xD;
    "MigrationId" TEXT NOT NULL CONSTRAINT "PK___EFMigrationsHistory" PRIMARY KEY,&#xD;
    "ProductVersion" TEXT NOT NULL&#xD;
);&#xD;
[15:32:12 INF] Executed DbCommand (0ms) [Parameters=[], CommandType='Text', CommandTimeout='30']&#xD;
SELECT COUNT(*) FROM "sqlite_master" WHERE "name" = '__EFMigrationsHistory' AND "type" = 'table';&#xD;
[15:32:12 INF] Executed DbCommand (0ms) [Parameters=[], CommandType='Text', CommandTimeout='30']&#xD;
SELECT "MigrationId", "ProductVersion"&#xD;
FROM "__EFMigrationsHistory"&#xD;
ORDER BY "MigrationId";&#xD;
[15:32:12 INF] Applying migration '20260831111529_InitialCreate'.&#xD;
[15:32:12 INF] Executed DbCommand (0ms) [Parameters=[], CommandType='Text', CommandTimeout='30']&#xD;
CREATE TABLE "ChecklistItems" (&#xD;
    "Id" TEXT NOT NULL CONSTRAINT "PK_ChecklistItems" PRIMARY KEY,&#xD;
    "UserId" TEXT NOT NULL,&#xD;
    "TripId" TEXT NOT NULL,&#xD;
    "Category" INTEGER NOT NULL,&#xD;
    "Name" TEXT NOT NULL,&#xD;
    "IsPacked" INTEGER NOT NULL&#xD;
);&#xD;
[15:32:12 INF] Executed DbCommand (0ms) [Parameters=[], CommandType='Text', CommandTimeout='30']&#xD;
CREATE TABLE "ClothingItems" (&#xD;
    "Id" TEXT NOT NULL CONSTRAINT "PK_ClothingItems" PRIMARY KEY,&#xD;
    "UserId" TEXT NOT NULL,&#xD;
    "Name" TEXT NOT NULL,&#xD;
    "Type" INTEGER NOT NULL,&#xD;
    "Season" INTEGER NOT NULL,&#xD;
    "Color" TEXT NOT NULL,&#xD;
    "WarmthLevel" INTEGER NOT NULL,&#xD;
    "Waterproof" INTEGER NOT NULL,&#xD;
    "Style" INTEGER NOT NULL,&#xD;
    "WeightGrams" INTEGER NULL,&#xD;
    "IsClean" INTEGER NOT NULL,&#xD;
    "IsAvailable" INTEGER NOT NULL,&#xD;
    "PreferenceScore" INTEGER NOT NULL,&#xD;
    "IsDeleted" INTEGER NOT NULL,&#xD;
    "OwnerProfileId" TEXT NULL,&#xD;
    "CombinationIds" TEXT NOT NULL&#xD;
);&#xD;
[15:32:12 INF] Executed DbCommand (0ms) [Parameters=[], CommandType='Text', CommandTimeout='30']&#xD;
CREATE TABLE "ClothingUsage" (&#xD;
    "TripId" TEXT NOT NULL,&#xD;
    "ClothingItemId" TEXT NOT NULL,&#xD;
    "UserId" TEXT NOT NULL,&#xD;
    "WasUsed" INTEGER NOT NULL,&#xD;
    CONSTRAINT "PK_ClothingUsage" PRIMARY KEY ("TripId", "ClothingItemId")&#xD;
);&#xD;
[15:32:12 INF] Executed DbCommand (0ms) [Parameters=[], CommandType='Text', CommandTimeout='30']&#xD;
CREATE TABLE "FamilyProfiles" (&#xD;
    "Id" TEXT NOT NULL CONSTRAINT "PK_FamilyProfiles" PRIMARY KEY,&#xD;
    "UserId" TEXT NOT NULL,&#xD;
    "Name" TEXT NOT NULL&#xD;
);&#xD;
[15:32:12 INF] Executed DbCommand (0ms) [Parameters=[], CommandType='Text', CommandTimeout='30']&#xD;
CREATE TABLE "PackingListItems" (&#xD;
    "PackingListId" TEXT NOT NULL,&#xD;
    "ClothingItemId" TEXT NOT NULL,&#xD;
    "IsPacked" INTEGER NOT NULL,&#xD;
    CONSTRAINT "PK_PackingListItems" PRIMARY KEY ("PackingListId", "ClothingItemId")&#xD;
);&#xD;
[15:32:12 INF] Executed DbCommand (0ms) [Parameters=[], CommandType='Text', CommandTimeout='30']&#xD;
CREATE TABLE "PackingLists" (&#xD;
    "Id" TEXT NOT NULL CONSTRAINT "PK_PackingLists" PRIMARY KEY,&#xD;
    "TripId" TEXT NOT NULL,&#xD;
    "UserId" TEXT NOT NULL,&#xD;
    "CreatedAt" TEXT NOT NULL&#xD;
);&#xD;
[15:32:12 INF] Executed DbCommand (0ms) [Parameters=[], CommandType='Text', CommandTimeout='30']&#xD;
CREATE TABLE "ProfilePackingListItems" (&#xD;
    "PackingListId" TEXT NOT NULL,&#xD;
    "ClothingItemId" TEXT NOT NULL,&#xD;
    "IsPacked" INTEGER NOT NULL,&#xD;
    CONSTRAINT "PK_ProfilePackingListItems" PRIMARY KEY ("PackingListId", "ClothingItemId")&#xD;
);&#xD;
[15:32:12 INF] Executed DbCommand (0ms) [Parameters=[], CommandType='Text', CommandTimeout='30']&#xD;
CREATE TABLE "ProfilePackingLists" (&#xD;
    "Id" TEXT NOT NULL CONSTRAINT "PK_ProfilePackingLists" PRIMARY KEY,&#xD;
    "TripId" TEXT NOT NULL,&#xD;
    "ProfileId" TEXT NOT NULL,&#xD;
    "UserId" TEXT NOT NULL,&#xD;
    "CreatedAt" TEXT NOT NULL&#xD;
);&#xD;
[15:32:12 INF] Executed DbCommand (0ms) [Parameters=[], CommandType='Text', CommandTimeout='30']&#xD;
CREATE TABLE "TripProfiles" (&#xD;
    "TripId" TEXT NOT NULL,&#xD;
    "ProfileId" TEXT NOT NULL,&#xD;
    "UserId" TEXT NOT NULL,&#xD;
    CONSTRAINT "PK_TripProfiles" PRIMARY KEY ("TripId", "ProfileId")&#xD;
);&#xD;
[15:32:12 INF] Executed DbCommand (0ms) [Parameters=[], CommandType='Text', CommandTimeout='30']&#xD;
CREATE TABLE "Trips" (&#xD;
    "Id" TEXT NOT NULL CONSTRAINT "PK_Trips" PRIMARY KEY,&#xD;
    "UserId" TEXT NOT NULL,&#xD;
    "Destination" TEXT NOT NULL,&#xD;
    "StartDate" TEXT NOT NULL,&#xD;
    "EndDate" TEXT NOT NULL,&#xD;
    "MinimumTemperatureCelsius" INTEGER NOT NULL,&#xD;
    "MaximumTemperatureCelsius" INTEGER NOT NULL,&#xD;
    "Activities" TEXT NOT NULL&#xD;
);&#xD;
[15:32:12 INF] Executed DbCommand (0ms) [Parameters=[], CommandType='Text', CommandTimeout='30']&#xD;
CREATE TABLE "Users" (&#xD;
    "Id" TEXT NOT NULL CONSTRAINT "PK_Users" PRIMARY KEY,&#xD;
    "Name" TEXT NOT NULL&#xD;
);&#xD;
[15:32:12 INF] Executed DbCommand (0ms) [Parameters=[], CommandType='Text', CommandTimeout='30']&#xD;
CREATE UNIQUE INDEX "IX_ClothingItems_UserId_Name" ON "ClothingItems" ("UserId", "Name");&#xD;
[15:32:12 INF] Executed DbCommand (0ms) [Parameters=[], CommandType='Text', CommandTimeout='30']&#xD;
CREATE UNIQUE INDEX "IX_PackingLists_UserId_TripId" ON "PackingLists" ("UserId", "TripId");&#xD;
[15:32:12 INF] Executed DbCommand (0ms) [Parameters=[], CommandType='Text', CommandTimeout='30']&#xD;
CREATE UNIQUE INDEX "IX_ProfilePackingLists_UserId_TripId_ProfileId" ON "ProfilePackingLists" ("UserId", "TripId", "ProfileId");&#xD;
[15:32:12 INF] Executed DbCommand (0ms) [Parameters=[], CommandType='Text', CommandTimeout='30']&#xD;
INSERT INTO "__EFMigrationsHistory" ("MigrationId", "ProductVersion")&#xD;
VALUES ('20260831111529_InitialCreate', '10.0.9');&#xD;
[15:32:12 INF] Applying migration '20260831135718_AddQueryIndexes'.&#xD;
[15:32:12 INF] Executed DbCommand (0ms) [Parameters=[], CommandType='Text', CommandTimeout='30']&#xD;
CREATE INDEX "IX_Trips_UserId_StartDate" ON "Trips" ("UserId", "StartDate");&#xD;
[15:32:12 INF] Executed DbCommand (0ms) [Parameters=[], CommandType='Text', CommandTimeout='30']&#xD;
CREATE INDEX "IX_TripProfiles_UserId_TripId" ON "TripProfiles" ("UserId", "TripId");&#xD;
[15:32:12 INF] Executed DbCommand (0ms) [Parameters=[], CommandType='Text', CommandTimeout='30']&#xD;
CREATE UNIQUE INDEX "IX_FamilyProfiles_UserId_Name" ON "FamilyProfiles" ("UserId", "Name");&#xD;
[15:32:12 INF] Executed DbCommand (0ms) [Parameters=[], CommandType='Text', CommandTimeout='30']&#xD;
CREATE INDEX "IX_ClothingItems_UserId_IsDeleted" ON "ClothingItems" ("UserId", "IsDeleted");&#xD;
[15:32:12 INF] Executed DbCommand (0ms) [Parameters=[], CommandType='Text', CommandTimeout='30']&#xD;
CREATE INDEX "IX_ClothingItems_UserId_OwnerProfileId" ON "ClothingItems" ("UserId", "OwnerProfileId");&#xD;
[15:32:12 INF] Executed DbCommand (0ms) [Parameters=[], CommandType='Text', CommandTimeout='30']&#xD;
CREATE INDEX "IX_ChecklistItems_UserId_TripId" ON "ChecklistItems" ("UserId", "TripId");&#xD;
[15:32:12 INF] Executed DbCommand (0ms) [Parameters=[], CommandType='Text', CommandTimeout='30']&#xD;
INSERT INTO "__EFMigrationsHistory" ("MigrationId", "ProductVersion")&#xD;
VALUES ('20260831135718_AddQueryIndexes', '10.0.9');&#xD;
[15:32:12 INF] Applying migration '20260831142243_AddTripPlanningAndTravellerManagement'.&#xD;
[15:32:12 INF] Executed DbCommand (0ms) [Parameters=[], CommandType='Text', CommandTimeout='30']&#xD;
ALTER TABLE "Trips" ADD "CabinOnly" INTEGER NOT NULL DEFAULT 1;&#xD;
[15:32:12 INF] Executed DbCommand (0ms) [Parameters=[], CommandType='Text', CommandTimeout='30']&#xD;
ALTER TABLE "Trips" ADD "LuggageAllowanceGrams" INTEGER NOT NULL DEFAULT 10000;&#xD;
[15:32:12 INF] Executed DbCommand (0ms) [Parameters=[], CommandType='Text', CommandTimeout='30']&#xD;
ALTER TABLE "Trips" ADD "TemplateKey" TEXT NULL;&#xD;
[15:32:12 INF] Executed DbCommand (0ms) [Parameters=[], CommandType='Text', CommandTimeout='30']&#xD;
ALTER TABLE "FamilyProfiles" ADD "IsArchived" INTEGER NOT NULL DEFAULT 0;&#xD;
[15:32:12 INF] Executed DbCommand (0ms) [Parameters=[], CommandType='Text', CommandTimeout='30']&#xD;
CREATE INDEX "IX_FamilyProfiles_UserId_IsArchived" ON "FamilyProfiles" ("UserId", "IsArchived");&#xD;
[15:32:12 INF] Executed DbCommand (0ms) [Parameters=[], CommandType='Text', CommandTimeout='30']&#xD;
INSERT INTO "__EFMigrationsHistory" ("MigrationId", "ProductVersion")&#xD;
VALUES ('20260831142243_AddTripPlanningAndTravellerManagement', '10.0.9');&#xD;
[15:32:12 INF] Applying migration '20260901085908_AddChecklistProfiles'.&#xD;
[15:32:12 INF] Executed DbCommand (0ms) [Parameters=[], CommandType='Text', CommandTimeout='30']&#xD;
ALTER TABLE "ChecklistItems" ADD "ProfileId" TEXT NULL;&#xD;
[15:32:12 INF] Executed DbCommand (0ms) [Parameters=[], CommandType='Text', CommandTimeout='30']&#xD;
INSERT INTO "__EFMigrationsHistory" ("MigrationId", "ProductVersion")&#xD;
VALUES ('20260901085908_AddChecklistProfiles', '10.0.9');&#xD;
[15:32:12 INF] Applying migration '20260901101403_AddClothingPhoto'.&#xD;
[15:32:12 INF] Executed DbCommand (0ms) [Parameters=[], CommandType='Text', CommandTimeout='30']&#xD;
ALTER TABLE "ClothingItems" ADD "PhotoUrl" TEXT NULL;&#xD;
[15:32:12 INF] Executed DbCommand (0ms) [Parameters=[], CommandType='Text', CommandTimeout='30']&#xD;
INSERT INTO "__EFMigrationsHistory" ("MigrationId", "ProductVersion")&#xD;
VALUES ('20260901101403_AddClothingPhoto', '10.0.9');&#xD;
[15:32:12 INF] Applying migration '20260901102039_AddTravellerNotes'.&#xD;
[15:32:12 INF] Executed DbCommand (0ms) [Parameters=[], CommandType='Text', CommandTimeout='30']&#xD;
ALTER TABLE "FamilyProfiles" ADD "MedicalNotes" TEXT NULL;&#xD;
[15:32:12 INF] Executed DbCommand (0ms) [Parameters=[], CommandType='Text', CommandTimeout='30']&#xD;
ALTER TABLE "FamilyProfiles" ADD "PackingNotes" TEXT NULL;&#xD;
[15:32:12 INF] Executed DbCommand (0ms) [Parameters=[], CommandType='Text', CommandTimeout='30']&#xD;
INSERT INTO "__EFMigrationsHistory" ("MigrationId", "ProductVersion")&#xD;
VALUES ('20260901102039_AddTravellerNotes', '10.0.9');&#xD;
[15:32:12 INF] Applying migration '20260901110846_AddUserTripTemplates'.&#xD;
[15:32:12 INF] Executed DbCommand (0ms) [Parameters=[], CommandType='Text', CommandTimeout='30']&#xD;
CREATE TABLE "UserTripTemplates" (&#xD;
    "Id" TEXT NOT NULL CONSTRAINT "PK_UserTripTemplates" PRIMARY KEY,&#xD;
    "UserId" TEXT NOT NULL,&#xD;
    "Name" TEXT NOT NULL,&#xD;
    "Description" TEXT NOT NULL,&#xD;
    "Activities" TEXT NOT NULL,&#xD;
    "MinimumTemperatureCelsius" INTEGER NOT NULL,&#xD;
    "MaximumTemperatureCelsius" INTEGER NOT NULL,&#xD;
    "LuggageAllowanceGrams" INTEGER NOT NULL,&#xD;
    "CabinOnly" INTEGER NOT NULL&#xD;
);&#xD;
[15:32:12 INF] Executed DbCommand (0ms) [Parameters=[], CommandType='Text', CommandTimeout='30']&#xD;
CREATE UNIQUE INDEX "IX_UserTripTemplates_UserId_Name" ON "UserTripTemplates" ("UserId", "Name");&#xD;
[15:32:12 INF] Executed DbCommand (0ms) [Parameters=[], CommandType='Text', CommandTimeout='30']&#xD;
INSERT INTO "__EFMigrationsHistory" ("MigrationId", "ProductVersion")&#xD;
VALUES ('20260901110846_AddUserTripTemplates', '10.0.9');&#xD;
[15:32:12 INF] Applying migration '20260902100000_AddTripItineraryAndLuggageProfile'.&#xD;
[15:32:12 INF] Executed DbCommand (0ms) [Parameters=[], CommandType='Text', CommandTimeout='30']&#xD;
ALTER TABLE "Trips" ADD "DayPlans" TEXT NOT NULL DEFAULT '[]';&#xD;
[15:32:12 INF] Executed DbCommand (0ms) [Parameters=[], CommandType='Text', CommandTimeout='30']&#xD;
ALTER TABLE "Trips" ADD "LuggageDepthCentimetres" INTEGER NOT NULL DEFAULT 20;&#xD;
[15:32:12 INF] Executed DbCommand (0ms) [Parameters=[], CommandType='Text', CommandTimeout='30']&#xD;
ALTER TABLE "Trips" ADD "LuggageHeightCentimetres" INTEGER NOT NULL DEFAULT 55;&#xD;
[15:32:12 INF] Executed DbCommand (0ms) [Parameters=[], CommandType='Text', CommandTimeout='30']&#xD;
ALTER TABLE "Trips" ADD "LuggageType" INTEGER NOT NULL DEFAULT 1;&#xD;
[15:32:12 INF] Executed DbCommand (0ms) [Parameters=[], CommandType='Text', CommandTimeout='30']&#xD;
ALTER TABLE "Trips" ADD "LuggageWidthCentimetres" INTEGER NOT NULL DEFAULT 40;&#xD;
[15:32:12 INF] Executed DbCommand (0ms) [Parameters=[], CommandType='Text', CommandTimeout='30']&#xD;
INSERT INTO "__EFMigrationsHistory" ("MigrationId", "ProductVersion")&#xD;
VALUES ('20260902100000_AddTripItineraryAndLuggageProfile', '10.0.9');&#xD;
[15:32:12 INF] Applying migration '20260902110000_AddTripAirline'.&#xD;
[15:32:12 INF] Executed DbCommand (0ms) [Parameters=[], CommandType='Text', CommandTimeout='30']&#xD;
ALTER TABLE "Trips" ADD "AirlineCode" TEXT NULL;&#xD;
[15:32:12 INF] Executed DbCommand (0ms) [Parameters=[], CommandType='Text', CommandTimeout='30']&#xD;
INSERT INTO "__EFMigrationsHistory" ("MigrationId", "ProductVersion")&#xD;
VALUES ('20260902110000_AddTripAirline', '10.0.9');&#xD;
[15:32:12 INF] Applying migration '20260902120000_AddTripTransportAndLuggages'.&#xD;
[15:32:12 INF] Executed DbCommand (0ms) [Parameters=[], CommandType='Text', CommandTimeout='30']&#xD;
ALTER TABLE "Trips" ADD "Luggages" TEXT NOT NULL DEFAULT '[]';&#xD;
[15:32:12 INF] Executed DbCommand (0ms) [Parameters=[], CommandType='Text', CommandTimeout='30']&#xD;
ALTER TABLE "Trips" ADD "TransportTypes" TEXT NOT NULL DEFAULT '[]';&#xD;
[15:32:12 INF] Executed DbCommand (0ms) [Parameters=[], CommandType='Text', CommandTimeout='30']&#xD;
INSERT INTO "__EFMigrationsHistory" ("MigrationId", "ProductVersion")&#xD;
VALUES ('20260902120000_AddTripTransportAndLuggages', '10.0.9');&#xD;
[15:32:12 INF] Executed DbCommand (1ms) [Parameters=[], CommandType='Text', CommandTimeout='30']&#xD;
DELETE FROM "__EFMigrationsLock";&#xD;
[15:32:12 INF] Executed DbCommand (4ms) [Parameters=[], CommandType='Text', CommandTimeout='30']&#xD;
SELECT EXISTS (&#xD;
    SELECT 1&#xD;
    FROM "Users" AS "u")&#xD;
[15:32:12 INF] Executed DbCommand (0ms) [Parameters=[@p0='?' (DbType = Guid), @p1='?' (Size = 4), @p2='?' (Size = 2), @p3='?' (DbType = Boolean), @p4='?' (DbType = Boolean), @p5='?' (DbType = Boolean), @p6='?' (Size = 20), @p7='?' (DbType = Guid), @p8='?', @p9='?' (DbType = Int32), @p10='?' (DbType = Int32), @p11='?' (DbType = Int32), @p12='?' (DbType = Int32), @p13='?' (DbType = Guid), @p14='?' (DbType = Int32), @p15='?' (DbType = Boolean), @p16='?' (DbType = Int32)], CommandType='Text', CommandTimeout='30']&#xD;
INSERT INTO "ClothingItems" ("Id", "Color", "CombinationIds", "IsAvailable", "IsClean", "IsDeleted", "Name", "OwnerProfileId", "PhotoUrl", "PreferenceScore", "Season", "Style", "Type", "UserId", "WarmthLevel", "Waterproof", "WeightGrams")&#xD;
VALUES (@p0, @p1, @p2, @p3, @p4, @p5, @p6, @p7, @p8, @p9, @p10, @p11, @p12, @p13, @p14, @p15, @p16);&#xD;
[15:32:12 INF] Executed DbCommand (0ms) [Parameters=[@p0='?' (DbType = Guid), @p1='?' (Size = 5), @p2='?' (Size = 79), @p3='?' (DbType = Boolean), @p4='?' (DbType = Boolean), @p5='?' (DbType = Boolean), @p6='?' (Size = 20), @p7='?' (DbType = Guid), @p8='?', @p9='?' (DbType = Int32), @p10='?' (DbType = Int32), @p11='?' (DbType = Int32), @p12='?' (DbType = Int32), @p13='?' (DbType = Guid), @p14='?' (DbType = Int32), @p15='?' (DbType = Boolean), @p16='?' (DbType = Int32)], CommandType='Text', CommandTimeout='30']&#xD;
INSERT INTO "ClothingItems" ("Id", "Color", "CombinationIds", "IsAvailable", "IsClean", "IsDeleted", "Name", "OwnerProfileId", "PhotoUrl", "PreferenceScore", "Season", "Style", "Type", "UserId", "WarmthLevel", "Waterproof", "WeightGrams")&#xD;
VALUES (@p0, @p1, @p2, @p3, @p4, @p5, @p6, @p7, @p8, @p9, @p10, @p11, @p12, @p13, @p14, @p15, @p16);&#xD;
[15:32:12 INF] Executed DbCommand (0ms) [Parameters=[@p0='?' (DbType = Guid), @p1='?' (Size = 4), @p2='?' (Size = 40), @p3='?' (DbType = Boolean), @p4='?' (DbType = Boolean), @p5='?' (DbType = Boolean), @p6='?' (Size = 18), @p7='?' (DbType = Guid), @p8='?', @p9='?' (DbType = Int32), @p10='?' (DbType = Int32), @p11='?' (DbType = Int32), @p12='?' (DbType = Int32), @p13='?' (DbType = Guid), @p14='?' (DbType = Int32), @p15='?' (DbType = Boolean), @p16='?' (DbType = Int32)], CommandType='Text', CommandTimeout='30']&#xD;
INSERT INTO "ClothingItems" ("Id", "Color", "CombinationIds", "IsAvailable", "IsClean", "IsDeleted", "Name", "OwnerProfileId", "PhotoUrl", "PreferenceScore", "Season", "Style", "Type", "UserId", "WarmthLevel", "Waterproof", "WeightGrams")&#xD;
VALUES (@p0, @p1, @p2, @p3, @p4, @p5, @p6, @p7, @p8, @p9, @p10, @p11, @p12, @p13, @p14, @p15, @p16);&#xD;
[15:32:12 INF] Executed DbCommand (0ms) [Parameters=[@p0='?' (DbType = Guid), @p1='?' (Size = 6), @p2='?' (Size = 79), @p3='?' (DbType = Boolean), @p4='?' (DbType = Boolean), @p5='?' (DbType = Boolean), @p6='?' (Size = 22), @p7='?' (DbType = Guid), @p8='?', @p9='?' (DbType = Int32), @p10='?' (DbType = Int32), @p11='?' (DbType = Int32), @p12='?' (DbType = Int32), @p13='?' (DbType = Guid), @p14='?' (DbType = Int32), @p15='?' (DbType = Boolean), @p16='?' (DbType = Int32)], CommandType='Text', CommandTimeout='30']&#xD;
INSERT INTO "ClothingItems" ("Id", "Color", "CombinationIds", "IsAvailable", "IsClean", "IsDeleted", "Name", "OwnerProfileId", "PhotoUrl", "PreferenceScore", "Season", "Style", "Type", "UserId", "WarmthLevel", "Waterproof", "WeightGrams")&#xD;
VALUES (@p0, @p1, @p2, @p3, @p4, @p5, @p6, @p7, @p8, @p9, @p10, @p11, @p12, @p13, @p14, @p15, @p16);&#xD;
[15:32:12 INF] Executed DbCommand (0ms) [Parameters=[@p0='?' (DbType = Guid), @p1='?' (Size = 6), @p2='?' (Size = 79), @p3='?' (DbType = Boolean), @p4='?' (DbType = Boolean), @p5='?' (DbType = Boolean), @p6='?' (Size = 22), @p7='?' (DbType = Guid), @p8='?', @p9='?' (DbType = Int32), @p10='?' (DbType = Int32), @p11='?' (DbType = Int32), @p12='?' (DbType = Int32), @p13='?' (DbType = Guid), @p14='?' (DbType = Int32), @p15='?' (DbType = Boolean), @p16='?' (DbType = Int32)], CommandType='Text', CommandTimeout='30']&#xD;
INSERT INTO "ClothingItems" ("Id", "Color", "CombinationIds", "IsAvailable", "IsClean", "IsDeleted", "Name", "OwnerProfileId", "PhotoUrl", "PreferenceScore", "Season", "Style", "Type", "UserId", "WarmthLevel", "Waterproof", "WeightGrams")&#xD;
VALUES (@p0, @p1, @p2, @p3, @p4, @p5, @p6, @p7, @p8, @p9, @p10, @p11, @p12, @p13, @p14, @p15, @p16);&#xD;
[15:32:12 INF] Executed DbCommand (0ms) [Parameters=[@p0='?' (DbType = Guid), @p1='?' (Size = 5), @p2='?' (Size = 40), @p3='?' (DbType = Boolean), @p4='?' (DbType = Boolean), @p5='?' (DbType = Boolean), @p6='?' (Size = 14), @p7='?' (DbType = Guid), @p8='?', @p9='?' (DbType = Int32), @p10='?' (DbType = Int32), @p11='?' (DbType = Int32), @p12='?' (DbType = Int32), @p13='?' (DbType = Guid), @p14='?' (DbType = Int32), @p15='?' (DbType = Boolean), @p16='?' (DbType = Int32)], CommandType='Text', CommandTimeout='30']&#xD;
INSERT INTO "ClothingItems" ("Id", "Color", "CombinationIds", "IsAvailable", "IsClean", "IsDeleted", "Name", "OwnerProfileId", "PhotoUrl", "PreferenceScore", "Season", "Style", "Type", "UserId", "WarmthLevel", "Waterproof", "WeightGrams")&#xD;
VALUES (@p0, @p1, @p2, @p3, @p4, @p5, @p6, @p7, @p8, @p9, @p10, @p11, @p12, @p13, @p14, @p15, @p16);&#xD;
[15:32:12 INF] Executed DbCommand (0ms) [Parameters=[@p0='?' (DbType = Guid), @p1='?' (Size = 6), @p2='?' (Size = 40), @p3='?' (DbType = Boolean), @p4='?' (DbType = Boolean), @p5='?' (DbType = Boolean), @p6='?' (Size = 18), @p7='?' (DbType = Guid), @p8='?', @p9='?' (DbType = Int32), @p10='?' (DbType = Int32), @p11='?' (DbType = Int32), @p12='?' (DbType = Int32), @p13='?' (DbType = Guid), @p14='?' (DbType = Int32), @p15='?' (DbType = Boolean), @p16='?' (DbType = Int32)], CommandType='Text', CommandTimeout='30']&#xD;
INSERT INTO "ClothingItems" ("Id", "Color", "CombinationIds", "IsAvailable", "IsClean", "IsDeleted", "Name", "OwnerProfileId", "PhotoUrl", "PreferenceScore", "Season", "Style", "Type", "UserId", "WarmthLevel", "Waterproof", "WeightGrams")&#xD;
VALUES (@p0, @p1, @p2, @p3, @p4, @p5, @p6, @p7, @p8, @p9, @p10, @p11, @p12, @p13, @p14, @p15, @p16);&#xD;
[15:32:12 INF] Executed DbCommand (0ms) [Parameters=[@p0='?' (DbType = Guid), @p1='?' (Size = 4), @p2='?' (Size = 40), @p3='?' (DbType = Boolean), @p4='?' (DbType = Boolean), @p5='?' (DbType = Boolean), @p6='?' (Size = 25), @p7='?' (DbType = Guid), @p8='?', @p9='?' (DbType = Int32), @p10='?' (DbType = Int32), @p11='?' (DbType = Int32), @p12='?' (DbType = Int32), @p13='?' (DbType = Guid), @p14='?' (DbType = Int32), @p15='?' (DbType = Boolean), @p16='?' (DbType = Int32)], CommandType='Text', CommandTimeout='30']&#xD;
INSERT INTO "ClothingItems" ("Id", "Color", "CombinationIds", "IsAvailable", "IsClean", "IsDeleted", "Name", "OwnerProfileId", "PhotoUrl", "PreferenceScore", "Season", "Style", "Type", "UserId", "WarmthLevel", "Waterproof", "WeightGrams")&#xD;
VALUES (@p0, @p1, @p2, @p3, @p4, @p5, @p6, @p7, @p8, @p9, @p10, @p11, @p12, @p13, @p14, @p15, @p16);&#xD;
[15:32:12 INF] Executed DbCommand (0ms) [Parameters=[@p0='?' (DbType = Guid), @p1='?' (DbType = Boolean), @p2='?', @p3='?' (Size = 4), @p4='?', @p5='?' (DbType = Guid)], CommandType='Text', CommandTimeout='30']&#xD;
INSERT INTO "FamilyProfiles" ("Id", "IsArchived", "MedicalNotes", "Name", "PackingNotes", "UserId")&#xD;
VALUES (@p0, @p1, @p2, @p3, @p4, @p5);&#xD;
[15:32:12 INF] Executed DbCommand (0ms) [Parameters=[@p0='?' (DbType = Guid), @p1='?' (Size = 5), @p2='?', @p3='?' (DbType = Boolean), @p4='?' (Size = 2), @p5='?' (Size = 4), @p6='?' (DbType = Date), @p7='?' (DbType = Int32), @p8='?' (DbType = Int32), @p9='?' (DbType = Int32), @p10='?' (DbType = Int32), @p11='?' (DbType = Int32), @p12='?' (Size = 158), @p13='?' (DbType = Int32), @p14='?' (DbType = Int32), @p15='?' (DbType = Date), @p16='?', @p17='?' (Size = 2), @p18='?' (DbType = Guid)], CommandType='Text', CommandTimeout='30']&#xD;
INSERT INTO "Trips" ("Id", "Activities", "AirlineCode", "CabinOnly", "DayPlans", "Destination", "EndDate", "LuggageAllowanceGrams", "LuggageDepthCentimetres", "LuggageHeightCentimetres", "LuggageType", "LuggageWidthCentimetres", "Luggages", "MaximumTemperatureCelsius", "MinimumTemperatureCelsius", "StartDate", "TemplateKey", "TransportTypes", "UserId")&#xD;
VALUES (@p0, @p1, @p2, @p3, @p4, @p5, @p6, @p7, @p8, @p9, @p10, @p11, @p12, @p13, @p14, @p15, @p16, @p17, @p18);&#xD;
[15:32:12 INF] Executed DbCommand (0ms) [Parameters=[@p0='?' (DbType = Guid), @p1='?' (Size = 4)], CommandType='Text', CommandTimeout='30']&#xD;
INSERT INTO "Users" ("Id", "Name")&#xD;
VALUES (@p0, @p1);&#xD;
[15:32:12 INF] Using ephemeral data protection provider. Payloads will be undecipherable upon application shutdown.&#xD;
[15:32:12 INF] User profile is available. Using 'C:\Users\raul.gonzalez\AppData\Local\ASP.NET\DataProtection-Keys' as key repository and Windows DPAPI to encrypt keys at rest.&#xD;
[15:32:12 INF] Application started. Press Ctrl+C to shut down.&#xD;
[15:32:12 INF] Hosting environment: Testing&#xD;
[15:32:12 INF] Content root path: C:\alpiq\SmartPacking\src\SmartPacking.Api&#xD;
[15:32:12 INF] Request starting HTTP/1.1 GET http://localhost/api/me - null null&#xD;
[15:32:12 INF] Executing endpoint 'SmartPacking.Api.Controllers.SystemController.GetCurrentUserAsync (SmartPacking.Api)'&#xD;
[15:32:12 INF] Route matched with {action = "GetCurrentUser", controller = "System"}. Executing controller action with signature System.Threading.Tasks.Task`1[Microsoft.AspNetCore.Mvc.IActionResult] GetCurrentUserAsync(System.Threading.CancellationToken) on controller SmartPacking.Api.Controllers.SystemController (SmartPacking.Api).&#xD;
[15:32:12 INF] Executing action method SmartPacking.Api.Controllers.SystemController.GetCurrentUserAsync (SmartPacking.Api) - Validation state: Valid&#xD;
[15:32:12 INF] Executed DbCommand (6ms) [Parameters=[], CommandType='Text', CommandTimeout='30']&#xD;
SELECT "u"."Id", "u"."Name"&#xD;
FROM "Users" AS "u"&#xD;
LIMIT 2&#xD;
[15:32:12 INF] Executed action method SmartPacking.Api.Controllers.SystemController.GetCurrentUserAsync (SmartPacking.Api), returned result Microsoft.AspNetCore.Mvc.OkObjectResult in 15.7404ms.&#xD;
[15:32:12 INF] Executing OkObjectResult, writing value of type 'SmartPacking.Domain.UserProfile'.&#xD;
[15:32:12 INF] Executed action SmartPacking.Api.Controllers.SystemController.GetCurrentUserAsync (SmartPacking.Api) in 20.0504ms&#xD;
[15:32:12 INF] Executed endpoint 'SmartPacking.Api.Controllers.SystemController.GetCurrentUserAsync (SmartPacking.Api)'&#xD;
[15:32:12 INF] HTTP GET /api/me responded 200 in 27.3519 ms&#xD;
[15:32:12 INF] Request finished HTTP/1.1 GET http://localhost/api/me - 200 null application/json; charset=utf-8 31.5609ms&#xD;
[15:32:12 INF] Executed DbCommand (4ms) [Parameters=[], CommandType='Text', CommandTimeout='30']&#xD;
SELECT COUNT(*) FROM "sqlite_master" WHERE "name" = '__EFMigrationsHistory' AND "type" = 'table';&#xD;
[15:32:12 INF] Executed DbCommand (4ms) [Parameters=[], CommandType='Text', CommandTimeout='30']&#xD;
SELECT "MigrationId", "ProductVersion"&#xD;
FROM "__EFMigrationsHistory"&#xD;
ORDER BY "MigrationId";&#xD;
[15:32:12 INF] Request starting HTTP/1.1 POST http://localhost/api/trips - application/json; charset=utf-8 151&#xD;
[15:32:12 INF] Executing endpoint 'SmartPacking.Api.Controllers.TripsController.CreateAsync (SmartPacking.Api)'&#xD;
[15:32:12 INF] Route matched with {action = "Create", controller = "Trips"}. Executing controller action with signature System.Threading.Tasks.Task`1[Microsoft.AspNetCore.Mvc.ActionResult`1[SmartPacking.Contracts.TripResponse]] CreateAsync(SmartPacking.Contracts.SaveTripRequest, System.Threading.CancellationToken) on controller SmartPacking.Api.Controllers.TripsController (SmartPacking.Api).&#xD;
[15:32:12 INF] Executing action method SmartPacking.Api.Controllers.TripsController.CreateAsync (SmartPacking.Api) - Validation state: Valid&#xD;
[15:32:12 INF] Executed DbCommand (4ms) [Parameters=[], CommandType='Text', CommandTimeout='30']&#xD;
SELECT "u"."Id", "u"."Name"&#xD;
FROM "Users" AS "u"&#xD;
LIMIT 2&#xD;
[15:32:12 INF] Executed DbCommand (6ms) [Parameters=[@p0='?' (DbType = Guid), @p1='?' (Size = 3), @p2='?', @p3='?' (DbType = Boolean), @p4='?' (Size = 2), @p5='?' (Size = 6), @p6='?' (DbType = Date), @p7='?' (DbType = Int32), @p8='?' (DbType = Int32), @p9='?' (DbType = Int32), @p10='?' (DbType = Int32), @p11='?' (DbType = Int32), @p12='?' (Size = 158), @p13='?' (DbType = Int32), @p14='?' (DbType = Int32), @p15='?' (DbType = Date), @p16='?', @p17='?' (Size = 2), @p18='?' (DbType = Guid)], CommandType='Text', CommandTimeout='30']&#xD;
INSERT INTO "Trips" ("Id", "Activities", "AirlineCode", "CabinOnly", "DayPlans", "Destination", "EndDate", "LuggageAllowanceGrams", "LuggageDepthCentimetres", "LuggageHeightCentimetres", "LuggageType", "LuggageWidthCentimetres", "Luggages", "MaximumTemperatureCelsius", "MinimumTemperatureCelsius", "StartDate", "TemplateKey", "TransportTypes", "UserId")&#xD;
VALUES (@p0, @p1, @p2, @p3, @p4, @p5, @p6, @p7, @p8, @p9, @p10, @p11, @p12, @p13, @p14, @p15, @p16, @p17, @p18);&#xD;
[15:32:13 INF] Executed DbCommand (4ms) [Parameters=[@userId='?' (DbType = Guid), @profileIds1='?' (DbType = Guid)], CommandType='Text', CommandTimeout='30']&#xD;
SELECT "f"."Id"&#xD;
FROM "FamilyProfiles" AS "f"&#xD;
WHERE "f"."UserId" = @userId AND NOT ("f"."IsArchived") AND "f"."Id" = @profileIds1&#xD;
[15:32:13 INF] Executed DbCommand (4ms) [Parameters=[@userId='?' (DbType = Guid), @tripId='?' (DbType = Guid)], CommandType='Text', CommandTimeout='30']&#xD;
SELECT "t"."TripId", "t"."ProfileId", "t"."UserId"&#xD;
FROM "TripProfiles" AS "t"&#xD;
WHERE "t"."UserId" = @userId AND "t"."TripId" = @tripId&#xD;
[15:32:13 INF] Executed DbCommand (7ms) [Parameters=[@p0='?' (DbType = Guid), @p1='?' (DbType = Guid), @p2='?' (DbType = Guid)], CommandType='Text', CommandTimeout='30']&#xD;
INSERT INTO "TripProfiles" ("ProfileId", "TripId", "UserId")&#xD;
VALUES (@p0, @p1, @p2);&#xD;
[15:32:13 INF] Executed DbCommand (0ms) [Parameters=[@p0='?' (DbType = Guid), @p1='?' (DbType = Int32), @p2='?' (DbType = Boolean), @p3='?' (Size = 26), @p4='?' (DbType = Guid), @p5='?' (DbType = Guid), @p6='?' (DbType = Guid)], CommandType='Text', CommandTimeout='30']&#xD;
INSERT INTO "ChecklistItems" ("Id", "Category", "IsPacked", "Name", "ProfileId", "TripId", "UserId")&#xD;
VALUES (@p0, @p1, @p2, @p3, @p4, @p5, @p6);&#xD;
[15:32:13 INF] Executed DbCommand (0ms) [Parameters=[@p0='?' (DbType = Guid), @p1='?' (DbType = Int32), @p2='?' (DbType = Boolean), @p3='?' (Size = 15), @p4='?' (DbType = Guid), @p5='?' (DbType = Guid), @p6='?' (DbType = Guid)], CommandType='Text', CommandTimeout='30']&#xD;
INSERT INTO "ChecklistItems" ("Id", "Category", "IsPacked", "Name", "ProfileId", "TripId", "UserId")&#xD;
VALUES (@p0, @p1, @p2, @p3, @p4, @p5, @p6);&#xD;
[15:32:13 INF] Executed DbCommand (0ms) [Parameters=[@p0='?' (DbType = Guid), @p1='?' (DbType = Int32), @p2='?' (DbType = Boolean), @p3='?' (Size = 17), @p4='?' (DbType = Guid), @p5='?' (DbType = Guid), @p6='?' (DbType = Guid)], CommandType='Text', CommandTimeout='30']&#xD;
INSERT INTO "ChecklistItems" ("Id", "Category", "IsPacked", "Name", "ProfileId", "TripId", "UserId")&#xD;
VALUES (@p0, @p1, @p2, @p3, @p4, @p5, @p6);&#xD;
[15:32:13 INF] Executed DbCommand (0ms) [Parameters=[@p0='?' (DbType = Guid), @p1='?' (DbType = Int32), @p2='?' (DbType = Boolean), @p3='?' (Size = 16), @p4='?' (DbType = Guid), @p5='?' (DbType = Guid), @p6='?' (DbType = Guid)], CommandType='Text', CommandTimeout='30']&#xD;
INSERT INTO "ChecklistItems" ("Id", "Category", "IsPacked", "Name", "ProfileId", "TripId", "UserId")&#xD;
VALUES (@p0, @p1, @p2, @p3, @p4, @p5, @p6);&#xD;
[15:32:13 INF] Executed DbCommand (0ms) [Parameters=[@p0='?' (DbType = Guid), @p1='?' (DbType = Int32), @p2='?' (DbType = Boolean), @p3='?' (Size = 15), @p4='?' (DbType = Guid), @p5='?' (DbType = Guid), @p6='?' (DbType = Guid)], CommandType='Text', CommandTimeout='30']&#xD;
INSERT INTO "ChecklistItems" ("Id", "Category", "IsPacked", "Name", "ProfileId", "TripId", "UserId")&#xD;
VALUES (@p0, @p1, @p2, @p3, @p4, @p5, @p6);&#xD;
[15:32:13 INF] Executed DbCommand (0ms) [Parameters=[@p0='?' (DbType = Guid), @p1='?' (DbType = Int32), @p2='?' (DbType = Boolean), @p3='?' (Size = 20), @p4='?' (DbType = Guid), @p5='?' (DbType = Guid), @p6='?' (DbType = Guid)], CommandType='Text', CommandTimeout='30']&#xD;
INSERT INTO "ChecklistItems" ("Id", "Category", "IsPacked", "Name", "ProfileId", "TripId", "UserId")&#xD;
VALUES (@p0, @p1, @p2, @p3, @p4, @p5, @p6);&#xD;
[15:32:13 INF] Executed DbCommand (0ms) [Parameters=[@p0='?' (DbType = Guid), @p1='?' (DbType = Int32), @p2='?' (DbType = Boolean), @p3='?' (Size = 15), @p4='?' (DbType = Guid), @p5='?' (DbType = Guid), @p6='?' (DbType = Guid)], CommandType='Text', CommandTimeout='30']&#xD;
INSERT INTO "ChecklistItems" ("Id", "Category", "IsPacked", "Name", "ProfileId", "TripId", "UserId")&#xD;
VALUES (@p0, @p1, @p2, @p3, @p4, @p5, @p6);&#xD;
[15:32:13 INF] Executed DbCommand (0ms) [Parameters=[@p0='?' (DbType = Guid), @p1='?' (DbType = Int32), @p2='?' (DbType = Boolean), @p3='?' (Size = 11), @p4='?' (DbType = Guid), @p5='?' (DbType = Guid), @p6='?' (DbType = Guid)], CommandType='Text', CommandTimeout='30']&#xD;
INSERT INTO "ChecklistItems" ("Id", "Category", "IsPacked", "Name", "ProfileId", "TripId", "UserId")&#xD;
VALUES (@p0, @p1, @p2, @p3, @p4, @p5, @p6);&#xD;
[15:32:13 INF] Executed DbCommand (0ms) [Parameters=[@p0='?' (DbType = Guid), @p1='?' (DbType = Int32), @p2='?' (DbType = Boolean), @p3='?' (Size = 12), @p4='?' (DbType = Guid), @p5='?' (DbType = Guid), @p6='?' (DbType = Guid)], CommandType='Text', CommandTimeout='30']&#xD;
INSERT INTO "ChecklistItems" ("Id", "Category", "IsPacked", "Name", "ProfileId", "TripId", "UserId")&#xD;
VALUES (@p0, @p1, @p2, @p3, @p4, @p5, @p6);&#xD;
[15:32:13 INF] Executed DbCommand (0ms) [Parameters=[@p0='?' (DbType = Guid), @p1='?' (DbType = Int32), @p2='?' (DbType = Boolean), @p3='?' (Size = 19), @p4='?' (DbType = Guid), @p5='?' (DbType = Guid), @p6='?' (DbType = Guid)], CommandType='Text', CommandTimeout='30']&#xD;
INSERT INTO "ChecklistItems" ("Id", "Category", "IsPacked", "Name", "ProfileId", "TripId", "UserId")&#xD;
VALUES (@p0, @p1, @p2, @p3, @p4, @p5, @p6);&#xD;
[15:32:13 INF] Executed DbCommand (0ms) [Parameters=[@p0='?' (DbType = Guid), @p1='?' (DbType = Int32), @p2='?' (DbType = Boolean), @p3='?' (Size = 19), @p4='?' (DbType = Guid), @p5='?' (DbType = Guid), @p6='?' (DbType = Guid)], CommandType='Text', CommandTimeout='30']&#xD;
INSERT INTO "ChecklistItems" ("Id", "Category", "IsPacked", "Name", "ProfileId", "TripId", "UserId")&#xD;
VALUES (@p0, @p1, @p2, @p3, @p4, @p5, @p6);&#xD;
[15:32:13 INF] Executed DbCommand (0ms) [Parameters=[@p0='?' (DbType = Guid), @p1='?' (DbType = Int32), @p2='?' (DbType = Boolean), @p3='?' (Size = 20), @p4='?' (DbType = Guid), @p5='?' (DbType = Guid), @p6='?' (DbType = Guid)], CommandType='Text', CommandTimeout='30']&#xD;
INSERT INTO "ChecklistItems" ("Id", "Category", "IsPacked", "Name", "ProfileId", "TripId", "UserId")&#xD;
VALUES (@p0, @p1, @p2, @p3, @p4, @p5, @p6);&#xD;
[15:32:13 INF] Executed DbCommand (0ms) [Parameters=[@p0='?' (DbType = Guid), @p1='?' (DbType = Int32), @p2='?' (DbType = Boolean), @p3='?' (Size = 11), @p4='?' (DbType = Guid), @p5='?' (DbType = Guid), @p6='?' (DbType = Guid)], CommandType='Text', CommandTimeout='30']&#xD;
INSERT INTO "ChecklistItems" ("Id", "Category", "IsPacked", "Name", "ProfileId", "TripId", "UserId")&#xD;
VALUES (@p0, @p1, @p2, @p3, @p4, @p5, @p6);&#xD;
[15:32:13 INF] Executed action method SmartPacking.Api.Controllers.TripsController.CreateAsync (SmartPacking.Api), returned result Microsoft.AspNetCore.Mvc.CreatedResult in 208.2844ms.&#xD;
[15:32:13 INF] Executing CreatedResult, writing value of type 'SmartPacking.Contracts.TripResponse'.&#xD;
[15:32:13 INF] Executed action SmartPacking.Api.Controllers.TripsController.CreateAsync (SmartPacking.Api) in 268.4008ms&#xD;
[15:32:13 INF] Executed endpoint 'SmartPacking.Api.Controllers.TripsController.CreateAsync (SmartPacking.Api)'&#xD;
[15:32:13 INF] HTTP POST /api/trips responded 201 in 274.0969 ms&#xD;
[15:32:13 INF] Request finished HTTP/1.1 POST http://localhost/api/trips - 201 null application/json; charset=utf-8 276.7825ms&#xD;
[15:32:13 INF] Request starting HTTP/1.1 POST http://localhost/api/profiles - application/json; charset=utf-8 34&#xD;
[15:32:13 INF] Executing endpoint 'SmartPacking.Api.Controllers.ProfilesController.CreateAsync (SmartPacking.Api)'&#xD;
[15:32:13 INF] Route matched with {action = "Create", controller = "Profiles"}. Executing controller action with signature System.Threading.Tasks.Task`1[Microsoft.AspNetCore.Mvc.ActionResult`1[SmartPacking.Domain.FamilyProfile]] CreateAsync(SmartPacking.Api.CreateFamilyProfileRequest, System.Threading.CancellationToken) on controller SmartPacking.Api.Controllers.ProfilesController (SmartPacking.Api).&#xD;
[15:32:13 INF] Executing action method SmartPacking.Api.Controllers.ProfilesController.CreateAsync (SmartPacking.Api) - Validation state: Valid&#xD;
[15:32:13 INF] Executed DbCommand (5ms) [Parameters=[], CommandType='Text', CommandTimeout='30']&#xD;
SELECT "u"."Id", "u"."Name"&#xD;
FROM "Users" AS "u"&#xD;
LIMIT 2&#xD;
[15:32:13 INF] Executed DbCommand (7ms) [Parameters=[@p0='?' (DbType = Guid), @p1='?' (DbType = Boolean), @p2='?', @p3='?' (Size = 18), @p4='?', @p5='?' (DbType = Guid)], CommandType='Text', CommandTimeout='30']&#xD;
INSERT INTO "FamilyProfiles" ("Id", "IsArchived", "MedicalNotes", "Name", "PackingNotes", "UserId")&#xD;
VALUES (@p0, @p1, @p2, @p3, @p4, @p5);&#xD;
[15:32:13 INF] Executed action method SmartPacking.Api.Controllers.ProfilesController.CreateAsync (SmartPacking.Api), returned result Microsoft.AspNetCore.Mvc.CreatedResult in 34.3025ms.&#xD;
[15:32:13 INF] Executing CreatedResult, writing value of type 'SmartPacking.Domain.FamilyProfile'.&#xD;
[15:32:13 INF] Executed action SmartPacking.Api.Controllers.ProfilesController.CreateAsync (SmartPacking.Api) in 38.1722ms&#xD;
[15:32:13 INF] Executed endpoint 'SmartPacking.Api.Controllers.ProfilesController.CreateAsync (SmartPacking.Api)'&#xD;
[15:32:13 INF] HTTP POST /api/profiles responded 201 in 44.2123 ms&#xD;
[15:32:13 INF] Request finished HTTP/1.1 POST http://localhost/api/profiles - 201 null application/json; charset=utf-8 45.5925ms&#xD;
[15:32:13 INF] Request starting HTTP/1.1 PUT http://localhost/api/trips/4a626ca1-1cfe-462c-9057-1c79284b69e7/profiles - application/json; charset=utf-8 55&#xD;
[15:32:13 INF] Executing endpoint 'SmartPacking.Api.Controllers.ProfilesController.SetTripProfilesAsync (SmartPacking.Api)'&#xD;
[15:32:13 INF] Route matched with {action = "SetTripProfiles", controller = "Profiles"}. Executing controller action with signature System.Threading.Tasks.Task`1[Microsoft.AspNetCore.Mvc.IActionResult] SetTripProfilesAsync(System.Guid, SmartPacking.Api.SetTripProfilesRequest, System.Threading.CancellationToken) on controller SmartPacking.Api.Controllers.ProfilesController (SmartPacking.Api).&#xD;
[15:32:13 INF] Executing action method SmartPacking.Api.Controllers.ProfilesController.SetTripProfilesAsync (SmartPacking.Api) - Validation state: Valid&#xD;
[15:32:13 INF] Executed DbCommand (5ms) [Parameters=[], CommandType='Text', CommandTimeout='30']&#xD;
SELECT "u"."Id", "u"."Name"&#xD;
FROM "Users" AS "u"&#xD;
LIMIT 2&#xD;
[15:32:13 INF] Executed DbCommand (6ms) [Parameters=[@userId='?' (DbType = Guid), @tripId='?' (DbType = Guid)], CommandType='Text', CommandTimeout='30']&#xD;
SELECT "t"."Id", "t"."Activities", "t"."AirlineCode", "t"."CabinOnly", "t"."DayPlans", "t"."Destination", "t"."EndDate", "t"."LuggageAllowanceGrams", "t"."LuggageDepthCentimetres", "t"."LuggageHeightCentimetres", "t"."LuggageType", "t"."LuggageWidthCentimetres", "t"."Luggages", "t"."MaximumTemperatureCelsius", "t"."MinimumTemperatureCelsius", "t"."StartDate", "t"."TemplateKey", "t"."TransportTypes", "t"."UserId"&#xD;
FROM "Trips" AS "t"&#xD;
WHERE "t"."UserId" = @userId AND "t"."Id" = @tripId&#xD;
LIMIT 2&#xD;
[15:32:13 INF] Executed DbCommand (6ms) [Parameters=[@userId='?' (DbType = Guid), @profileIds1='?' (DbType = Guid)], CommandType='Text', CommandTimeout='30']&#xD;
SELECT "f"."Id"&#xD;
FROM "FamilyProfiles" AS "f"&#xD;
WHERE "f"."UserId" = @userId AND NOT ("f"."IsArchived") AND "f"."Id" = @profileIds1&#xD;
[15:32:13 INF] Executed DbCommand (6ms) [Parameters=[@userId='?' (DbType = Guid), @tripId='?' (DbType = Guid)], CommandType='Text', CommandTimeout='30']&#xD;
SELECT "t"."TripId", "t"."ProfileId", "t"."UserId"&#xD;
FROM "TripProfiles" AS "t"&#xD;
WHERE "t"."UserId" = @userId AND "t"."TripId" = @tripId&#xD;
[15:32:13 INF] Executed DbCommand (0ms) [Parameters=[@p0='?' (DbType = Guid), @p1='?' (DbType = Guid)], CommandType='Text', CommandTimeout='30']&#xD;
DELETE FROM "TripProfiles"&#xD;
WHERE "ProfileId" = @p0 AND "TripId" = @p1&#xD;
RETURNING 1;&#xD;
[15:32:13 INF] Executed DbCommand (0ms) [Parameters=[@p0='?' (DbType = Guid), @p1='?' (DbType = Guid), @p2='?' (DbType = Guid)], CommandType='Text', CommandTimeout='30']&#xD;
INSERT INTO "TripProfiles" ("ProfileId", "TripId", "UserId")&#xD;
VALUES (@p0, @p1, @p2);&#xD;
[15:32:13 INF] Executed action method SmartPacking.Api.Controllers.ProfilesController.SetTripProfilesAsync (SmartPacking.Api), returned result Microsoft.AspNetCore.Mvc.NoContentResult in 104.1568ms.&#xD;
[15:32:13 INF] Executing StatusCodeResult, setting HTTP status code 204&#xD;
[15:32:13 INF] Executed action SmartPacking.Api.Controllers.ProfilesController.SetTripProfilesAsync (SmartPacking.Api) in 108.6583ms&#xD;
[15:32:13 INF] Executed endpoint 'SmartPacking.Api.Controllers.ProfilesController.SetTripProfilesAsync (SmartPacking.Api)'&#xD;
[15:32:13 INF] HTTP PUT /api/trips/4a626ca1-1cfe-462c-9057-1c79284b69e7/profiles responded 204 in 113.8119 ms&#xD;
[15:32:13 INF] Request finished HTTP/1.1 PUT http://localhost/api/trips/4a626ca1-1cfe-462c-9057-1c79284b69e7/profiles - 204 null null 114.2474ms&#xD;
[15:32:13 INF] Request starting HTTP/1.1 GET http://localhost/api/trips/4a626ca1-1cfe-462c-9057-1c79284b69e7/profiles/029804f5-3684-4004-b7d5-a37f69b3e864/packing-list - null null&#xD;
[15:32:13 INF] Executing endpoint 'SmartPacking.Api.Controllers.ProfilesController.GetPackingListAsync (SmartPacking.Api)'&#xD;
[15:32:13 INF] Route matched with {action = "GetPackingList", controller = "Profiles"}. Executing controller action with signature System.Threading.Tasks.Task`1[Microsoft.AspNetCore.Mvc.ActionResult`1[SmartPacking.Application.ProfileTripPackingPlan]] GetPackingListAsync(System.Guid, System.Guid, System.Threading.CancellationToken) on controller SmartPacking.Api.Controllers.ProfilesController (SmartPacking.Api).&#xD;
[15:32:13 INF] Executing action method SmartPacking.Api.Controllers.ProfilesController.GetPackingListAsync (SmartPacking.Api) - Validation state: Valid&#xD;
[15:32:13 INF] Executed DbCommand (6ms) [Parameters=[], CommandType='Text', CommandTimeout='30']&#xD;
SELECT "u"."Id", "u"."Name"&#xD;
FROM "Users" AS "u"&#xD;
LIMIT 2&#xD;
[15:32:13 INF] Executed DbCommand (4ms) [Parameters=[@userId='?' (DbType = Guid), @tripId='?' (DbType = Guid)], CommandType='Text', CommandTimeout='30']&#xD;
SELECT "f"."Id", "f"."Name", "f"."IsArchived", "f"."PackingNotes", "f"."MedicalNotes"&#xD;
FROM "TripProfiles" AS "t"&#xD;
INNER JOIN "FamilyProfiles" AS "f" ON "t"."ProfileId" = "f"."Id"&#xD;
WHERE "t"."UserId" = @userId AND "t"."TripId" = @tripId AND "f"."UserId" = @userId&#xD;
ORDER BY "f"."Name"&#xD;
[15:32:13 INF] Executed DbCommand (4ms) [Parameters=[@userId='?' (DbType = Guid), @tripId='?' (DbType = Guid)], CommandType='Text', CommandTimeout='30']&#xD;
SELECT "t"."Id", "t"."Activities", "t"."AirlineCode", "t"."CabinOnly", "t"."DayPlans", "t"."Destination", "t"."EndDate", "t"."LuggageAllowanceGrams", "t"."LuggageDepthCentimetres", "t"."LuggageHeightCentimetres", "t"."LuggageType", "t"."LuggageWidthCentimetres", "t"."Luggages", "t"."MaximumTemperatureCelsius", "t"."MinimumTemperatureCelsius", "t"."StartDate", "t"."TemplateKey", "t"."TransportTypes", "t"."UserId"&#xD;
FROM "Trips" AS "t"&#xD;
WHERE "t"."UserId" = @userId AND "t"."Id" = @tripId&#xD;
LIMIT 2&#xD;
[15:32:13 INF] Executed DbCommand (4ms) [Parameters=[@userId='?' (DbType = Guid)], CommandType='Text', CommandTimeout='30']&#xD;
SELECT "c"."Id", "c"."Color", "c"."CombinationIds", "c"."IsAvailable", "c"."IsClean", "c"."IsDeleted", "c"."Name", "c"."OwnerProfileId", "c"."PhotoUrl", "c"."PreferenceScore", "c"."Season", "c"."Style", "c"."Type", "c"."UserId", "c"."WarmthLevel", "c"."Waterproof", "c"."WeightGrams"&#xD;
FROM "ClothingItems" AS "c"&#xD;
WHERE "c"."UserId" = @userId&#xD;
ORDER BY "c"."Name"&#xD;
[15:32:13 INF] Executed DbCommand (5ms) [Parameters=[@userId='?' (DbType = Guid), @tripId='?' (DbType = Guid), @profileId='?' (DbType = Guid)], CommandType='Text', CommandTimeout='30']&#xD;
SELECT "p"."Id", "p"."CreatedAt", "p"."ProfileId", "p"."TripId", "p"."UserId"&#xD;
FROM "ProfilePackingLists" AS "p"&#xD;
WHERE "p"."UserId" = @userId AND "p"."TripId" = @tripId AND "p"."ProfileId" = @profileId&#xD;
LIMIT 2&#xD;
[15:32:13 INF] Executed DbCommand (0ms) [Parameters=[@p0='?' (DbType = Guid), @p1='?' (DbType = Guid), @p2='?' (DbType = Boolean)], CommandType='Text', CommandTimeout='30']&#xD;
INSERT INTO "ProfilePackingListItems" ("ClothingItemId", "PackingListId", "IsPacked")&#xD;
VALUES (@p0, @p1, @p2);&#xD;
[15:32:13 INF] Executed DbCommand (0ms) [Parameters=[@p0='?' (DbType = Guid), @p1='?' (DbType = Guid), @p2='?' (DbType = Boolean)], CommandType='Text', CommandTimeout='30']&#xD;
INSERT INTO "ProfilePackingListItems" ("ClothingItemId", "PackingListId", "IsPacked")&#xD;
VALUES (@p0, @p1, @p2);&#xD;
[15:32:13 INF] Executed DbCommand (0ms) [Parameters=[@p0='?' (DbType = Guid), @p1='?' (DbType = Guid), @p2='?' (DbType = Boolean)], CommandType='Text', CommandTimeout='30']&#xD;
INSERT INTO "ProfilePackingListItems" ("ClothingItemId", "PackingListId", "IsPacked")&#xD;
VALUES (@p0, @p1, @p2);&#xD;
[15:32:13 INF] Executed DbCommand (0ms) [Parameters=[@p0='?' (DbType = Guid), @p1='?' (DbType = Guid), @p2='?' (DbType = Boolean)], CommandType='Text', CommandTimeout='30']&#xD;
INSERT INTO "ProfilePackingListItems" ("ClothingItemId", "PackingListId", "IsPacked")&#xD;
VALUES (@p0, @p1, @p2);&#xD;
[15:32:13 INF] Executed DbCommand (0ms) [Parameters=[@p0='?' (DbType = Guid), @p1='?' (DbType = Guid), @p2='?' (DbType = Boolean)], CommandType='Text', CommandTimeout='30']&#xD;
INSERT INTO "ProfilePackingListItems" ("ClothingItemId", "PackingListId", "IsPacked")&#xD;
VALUES (@p0, @p1, @p2);&#xD;
[15:32:13 INF] Executed DbCommand (0ms) [Parameters=[@p0='?' (DbType = Guid), @p1='?' (DbType = Guid), @p2='?' (DbType = Boolean)], CommandType='Text', CommandTimeout='30']&#xD;
INSERT INTO "ProfilePackingListItems" ("ClothingItemId", "PackingListId", "IsPacked")&#xD;
VALUES (@p0, @p1, @p2);&#xD;
[15:32:13 INF] Executed DbCommand (0ms) [Parameters=[@p0='?' (DbType = Guid), @p1='?' (DbType = DateTimeOffset), @p2='?' (DbType = Guid), @p3='?' (DbType = Guid), @p4='?' (DbType = Guid)], CommandType='Text', CommandTimeout='30']&#xD;
INSERT INTO "ProfilePackingLists" ("Id", "CreatedAt", "ProfileId", "TripId", "UserId")&#xD;
VALUES (@p0, @p1, @p2, @p3, @p4);&#xD;
[15:32:13 INF] Executed action method SmartPacking.Api.Controllers.ProfilesController.GetPackingListAsync (SmartPacking.Api), returned result Microsoft.AspNetCore.Mvc.OkObjectResult in 201.6544ms.&#xD;
[15:32:13 INF] Executing OkObjectResult, writing value of type 'SmartPacking.Application.ProfileTripPackingPlan'.&#xD;
[15:32:13 INF] Executed action SmartPacking.Api.Controllers.ProfilesController.GetPackingListAsync (SmartPacking.Api) in 217.8223ms&#xD;
[15:32:13 INF] Executed endpoint 'SmartPacking.Api.Controllers.ProfilesController.GetPackingListAsync (SmartPacking.Api)'&#xD;
[15:32:13 INF] HTTP GET /api/trips/4a626ca1-1cfe-462c-9057-1c79284b69e7/profiles/029804f5-3684-4004-b7d5-a37f69b3e864/packing-list responded 200 in 223.9888 ms&#xD;
[15:32:13 INF] Request finished HTTP/1.1 GET http://localhost/api/trips/4a626ca1-1cfe-462c-9057-1c79284b69e7/profiles/029804f5-3684-4004-b7d5-a37f69b3e864/packing-list - 200 null application/json; charset=utf-8 225.6729ms&#xD;
[15:32:13 INF] Request starting HTTP/1.1 GET http://localhost/api/trips/4a626ca1-1cfe-462c-9057-1c79284b69e7/profiles/029804f5-3684-4004-b7d5-a37f69b3e864/checklist - null null&#xD;
[15:32:13 INF] Executing endpoint 'SmartPacking.Api.Controllers.TripsController.GetProfileChecklistAsync (SmartPacking.Api)'&#xD;
[15:32:13 INF] Route matched with {action = "GetProfileChecklist", controller = "Trips"}. Executing controller action with signature System.Threading.Tasks.Task`1[Microsoft.AspNetCore.Mvc.ActionResult`1[System.Collections.Generic.IReadOnlyList`1[SmartPacking.Domain.ChecklistItem]]] GetProfileChecklistAsync(System.Guid, System.Guid, System.Threading.CancellationToken) on controller SmartPacking.Api.Controllers.TripsController (SmartPacking.Api).&#xD;
[15:32:13 INF] Executing action method SmartPacking.Api.Controllers.TripsController.GetProfileChecklistAsync (SmartPacking.Api) - Validation state: Valid&#xD;
[15:32:13 INF] Executed DbCommand (4ms) [Parameters=[], CommandType='Text', CommandTimeout='30']&#xD;
SELECT "u"."Id", "u"."Name"&#xD;
FROM "Users" AS "u"&#xD;
LIMIT 2&#xD;
[15:32:13 INF] Executed DbCommand (5ms) [Parameters=[@userId='?' (DbType = Guid), @tripId='?' (DbType = Guid)], CommandType='Text', CommandTimeout='30']&#xD;
SELECT "f"."Id", "f"."Name", "f"."IsArchived", "f"."PackingNotes", "f"."MedicalNotes"&#xD;
FROM "TripProfiles" AS "t"&#xD;
INNER JOIN "FamilyProfiles" AS "f" ON "t"."ProfileId" = "f"."Id"&#xD;
WHERE "t"."UserId" = @userId AND "t"."TripId" = @tripId AND "f"."UserId" = @userId&#xD;
ORDER BY "f"."Name"&#xD;
[15:32:13 INF] Executed DbCommand (4ms) [Parameters=[@userId='?' (DbType = Guid), @tripId='?' (DbType = Guid), @profileId='?' (DbType = Guid)], CommandType='Text', CommandTimeout='30']&#xD;
SELECT "c"."Id", "c"."Category", "c"."IsPacked", "c"."Name", "c"."ProfileId", "c"."TripId", "c"."UserId"&#xD;
FROM "ChecklistItems" AS "c"&#xD;
WHERE "c"."UserId" = @userId AND "c"."TripId" = @tripId AND "c"."ProfileId" = @profileId&#xD;
ORDER BY "c"."Category", "c"."Name"&#xD;
[15:32:13 INF] Executed DbCommand (0ms) [Parameters=[@p0='?' (DbType = Guid), @p1='?' (DbType = Int32), @p2='?' (DbType = Boolean), @p3='?' (Size = 12), @p4='?' (DbType = Guid), @p5='?' (DbType = Guid), @p6='?' (DbType = Guid)], CommandType='Text', CommandTimeout='30']&#xD;
INSERT INTO "ChecklistItems" ("Id", "Category", "IsPacked", "Name", "ProfileId", "TripId", "UserId")&#xD;
VALUES (@p0, @p1, @p2, @p3, @p4, @p5, @p6);&#xD;
[15:32:13 INF] Executed DbCommand (0ms) [Parameters=[@p0='?' (DbType = Guid), @p1='?' (DbType = Int32), @p2='?' (DbType = Boolean), @p3='?' (Size = 19), @p4='?' (DbType = Guid), @p5='?' (DbType = Guid), @p6='?' (DbType = Guid)], CommandType='Text', CommandTimeout='30']&#xD;
INSERT INTO "ChecklistItems" ("Id", "Category", "IsPacked", "Name", "ProfileId", "TripId", "UserId")&#xD;
VALUES (@p0, @p1, @p2, @p3, @p4, @p5, @p6);&#xD;
[15:32:13 INF] Executed DbCommand (0ms) [Parameters=[@p0='?' (DbType = Guid), @p1='?' (DbType = Int32), @p2='?' (DbType = Boolean), @p3='?' (Size = 20), @p4='?' (DbType = Guid), @p5='?' (DbType = Guid), @p6='?' (DbType = Guid)], CommandType='Text', CommandTimeout='30']&#xD;
INSERT INTO "ChecklistItems" ("Id", "Category", "IsPacked", "Name", "ProfileId", "TripId", "UserId")&#xD;
VALUES (@p0, @p1, @p2, @p3, @p4, @p5, @p6);&#xD;
[15:32:13 INF] Executed DbCommand (0ms) [Parameters=[@p0='?' (DbType = Guid), @p1='?' (DbType = Int32), @p2='?' (DbType = Boolean), @p3='?' (Size = 15), @p4='?' (DbType = Guid), @p5='?' (DbType = Guid), @p6='?' (DbType = Guid)], CommandType='Text', CommandTimeout='30']&#xD;
INSERT INTO "ChecklistItems" ("Id", "Category", "IsPacked", "Name", "ProfileId", "TripId", "UserId")&#xD;
VALUES (@p0, @p1, @p2, @p3, @p4, @p5, @p6);&#xD;
[15:32:13 INF] Executed DbCommand (0ms) [Parameters=[@p0='?' (DbType = Guid), @p1='?' (DbType = Int32), @p2='?' (DbType = Boolean), @p3='?' (Size = 11), @p4='?' (DbType = Guid), @p5='?' (DbType = Guid), @p6='?' (DbType = Guid)], CommandType='Text', CommandTimeout='30']&#xD;
INSERT INTO "ChecklistItems" ("Id", "Category", "IsPacked", "Name", "ProfileId", "TripId", "UserId")&#xD;
VALUES (@p0, @p1, @p2, @p3, @p4, @p5, @p6);&#xD;
[15:32:13 INF] Executed DbCommand (0ms) [Parameters=[@p0='?' (DbType = Guid), @p1='?' (DbType = Int32), @p2='?' (DbType = Boolean), @p3='?' (Size = 20), @p4='?' (DbType = Guid), @p5='?' (DbType = Guid), @p6='?' (DbType = Guid)], CommandType='Text', CommandTimeout='30']&#xD;
INSERT INTO "ChecklistItems" ("Id", "Category", "IsPacked", "Name", "ProfileId", "TripId", "UserId")&#xD;
VALUES (@p0, @p1, @p2, @p3, @p4, @p5, @p6);&#xD;
[15:32:13 INF] Executed DbCommand (0ms) [Parameters=[@p0='?' (DbType = Guid), @p1='?' (DbType = Int32), @p2='?' (DbType = Boolean), @p3='?' (Size = 15), @p4='?' (DbType = Guid), @p5='?' (DbType = Guid), @p6='?' (DbType = Guid)], CommandType='Text', CommandTimeout='30']&#xD;
INSERT INTO "ChecklistItems" ("Id", "Category", "IsPacked", "Name", "ProfileId", "TripId", "UserId")&#xD;
VALUES (@p0, @p1, @p2, @p3, @p4, @p5, @p6);&#xD;
[15:32:13 INF] Executed DbCommand (0ms) [Parameters=[@p0='?' (DbType = Guid), @p1='?' (DbType = Int32), @p2='?' (DbType = Boolean), @p3='?' (Size = 19), @p4='?' (DbType = Guid), @p5='?' (DbType = Guid), @p6='?' (DbType = Guid)], CommandType='Text', CommandTimeout='30']&#xD;
INSERT INTO "ChecklistItems" ("Id", "Category", "IsPacked", "Name", "ProfileId", "TripId", "UserId")&#xD;
VALUES (@p0, @p1, @p2, @p3, @p4, @p5, @p6);&#xD;
[15:32:13 INF] Executed DbCommand (0ms) [Parameters=[@p0='?' (DbType = Guid), @p1='?' (DbType = Int32), @p2='?' (DbType = Boolean), @p3='?' (Size = 16), @p4='?' (DbType = Guid), @p5='?' (DbType = Guid), @p6='?' (DbType = Guid)], CommandType='Text', CommandTimeout='30']&#xD;
INSERT INTO "ChecklistItems" ("Id", "Category", "IsPacked", "Name", "ProfileId", "TripId", "UserId")&#xD;
VALUES (@p0, @p1, @p2, @p3, @p4, @p5, @p6);&#xD;
[15:32:13 INF] Executed DbCommand (0ms) [Parameters=[@p0='?' (DbType = Guid), @p1='?' (DbType = Int32), @p2='?' (DbType = Boolean), @p3='?' (Size = 15), @p4='?' (DbType = Guid), @p5='?' (DbType = Guid), @p6='?' (DbType = Guid)], CommandType='Text', CommandTimeout='30']&#xD;
INSERT INTO "ChecklistItems" ("Id", "Category", "IsPacked", "Name", "ProfileId", "TripId", "UserId")&#xD;
VALUES (@p0, @p1, @p2, @p3, @p4, @p5, @p6);&#xD;
[15:32:13 INF] Executed DbCommand (0ms) [Parameters=[@p0='?' (DbType = Guid), @p1='?' (DbType = Int32), @p2='?' (DbType = Boolean), @p3='?' (Size = 17), @p4='?' (DbType = Guid), @p5='?' (DbType = Guid), @p6='?' (DbType = Guid)], CommandType='Text', CommandTimeout='30']&#xD;
INSERT INTO "ChecklistItems" ("Id", "Category", "IsPacked", "Name", "ProfileId", "TripId", "UserId")&#xD;
VALUES (@p0, @p1, @p2, @p3, @p4, @p5, @p6);&#xD;
[15:32:13 INF] Executed DbCommand (0ms) [Parameters=[@p0='?' (DbType = Guid), @p1='?' (DbType = Int32), @p2='?' (DbType = Boolean), @p3='?' (Size = 11), @p4='?' (DbType = Guid), @p5='?' (DbType = Guid), @p6='?' (DbType = Guid)], CommandType='Text', CommandTimeout='30']&#xD;
INSERT INTO "ChecklistItems" ("Id", "Category", "IsPacked", "Name", "ProfileId", "TripId", "UserId")&#xD;
VALUES (@p0, @p1, @p2, @p3, @p4, @p5, @p6);&#xD;
[15:32:13 INF] Executed DbCommand (0ms) [Parameters=[@p0='?' (DbType = Guid), @p1='?' (DbType = Int32), @p2='?' (DbType = Boolean), @p3='?' (Size = 26), @p4='?' (DbType = Guid), @p5='?' (DbType = Guid), @p6='?' (DbType = Guid)], CommandType='Text', CommandTimeout='30']&#xD;
INSERT INTO "ChecklistItems" ("Id", "Category", "IsPacked", "Name", "ProfileId", "TripId", "UserId")&#xD;
VALUES (@p0, @p1, @p2, @p3, @p4, @p5, @p6);&#xD;
[15:32:13 INF] Executed action method SmartPacking.Api.Controllers.TripsController.GetProfileChecklistAsync (SmartPacking.Api), returned result Microsoft.AspNetCore.Mvc.OkObjectResult in 77.849ms.&#xD;
[15:32:13 INF] Executing OkObjectResult, writing value of type 'SmartPacking.Domain.ChecklistItem[]'.&#xD;
[15:32:13 INF] Executed action SmartPacking.Api.Controllers.TripsController.GetProfileChecklistAsync (SmartPacking.Api) in 86.1874ms&#xD;
[15:32:13 INF] Executed endpoint 'SmartPacking.Api.Controllers.TripsController.GetProfileChecklistAsync (SmartPacking.Api)'&#xD;
[15:32:13 INF] HTTP GET /api/trips/4a626ca1-1cfe-462c-9057-1c79284b69e7/profiles/029804f5-3684-4004-b7d5-a37f69b3e864/checklist responded 200 in 91.6813 ms&#xD;
[15:32:13 INF] Request finished HTTP/1.1 GET http://localhost/api/trips/4a626ca1-1cfe-462c-9057-1c79284b69e7/profiles/029804f5-3684-4004-b7d5-a37f69b3e864/checklist - 200 null application/json; charset=utf-8 92.6485ms&#xD;
[15:32:13 INF] Application is shutting down...&#xD;
[xUnit.net 00:00:05.65]   Finished:    SmartPacking.Api.IntegrationTests&#xD;
</StdOut>
    </Output>
    <CollectorDataEntries>
      <Collector agentName="ES-R26064" uri="datacollector://microsoft/CoverletCodeCoverage/1.0" collectorDisplayName="XPlat code coverage">
        <UriAttachments>
          <UriAttachment>
            <A href="ES-R26064\coverage.opencover.xml"></A>
          </UriAttachment>
        </UriAttachments>
      </Collector>
    </CollectorDataEntries>
  </ResultSummary>
</TestRun>