<?xml version="1.0" encoding="utf-8"?>
<TestRun id="1f3fa402-e891-4dc4-96fb-a7a6d2a82e26" name="raul.gonzalez@ES-R26064 2026-09-02 15:32:08" runUser="ES\raul.gonzalez" xmlns="http://microsoft.com/schemas/VisualStudio/TeamTest/2010">
  <Times creation="2026-09-02T15:32:08.5653755+02:00" queuing="2026-09-02T15:32:08.5653761+02:00" start="2026-09-02T15:32:03.8168045+02:00" finish="2026-09-02T15:32:08.5849317+02:00" />
  <TestSettings name="default" id="22d7e70b-0917-4303-986e-faae95300f01">
    <Deployment runDeploymentRoot="raul.gonzalez_ES-R26064_2026-09-02_15_32_08" />
  </TestSettings>
  <Results>
    <UnitTestResult executionId="dcdd5379-78b1-4b26-bd01-abb0409015d3" testId="7fe45a09-39c9-592d-202e-b921414277f8" testName="SmartPacking.Application.Tests.PackingRecommendationServiceTests.AnalyzeFamilyPlansIdentifiesSharedItemsAndDuplicates" computerName="ES-R26064" duration="00:00:00.0129417" startTime="2026-09-02T15:32:07.6517986+02:00" endTime="2026-09-02T15:32:07.6517995+02:00" testType="13cdc9d9-ddb5-4fa4-a97d-d965ccfc6d4b" outcome="Passed" testListId="8c84fa94-04c1-424b-9868-57a2d4851a1d" relativeResultsDirectory="dcdd5379-78b1-4b26-bd01-abb0409015d3" />
    <UnitTestResult executionId="c04511a0-0243-482d-874b-1dc3c499f6cf" testId="7453f524-8027-ab63-690e-1f3ed5454624" testName="SmartPacking.Application.Tests.PackingRecommendationServiceTests.RecommendForHotTripIncludesSummerShoesAndShorts" computerName="ES-R26064" duration="00:00:00.0092842" startTime="2026-09-02T15:32:07.6387096+02:00" endTime="2026-09-02T15:32:07.6387104+02:00" testType="13cdc9d9-ddb5-4fa4-a97d-d965ccfc6d4b" outcome="Passed" testListId="8c84fa94-04c1-424b-9868-57a2d4851a1d" relativeResultsDirectory="c04511a0-0243-482d-874b-1dc3c499f6cf" />
    <UnitTestResult executionId="786a8cca-8f56-49c0-9872-40fe399948b8" testId="bdef7b63-935c-cf99-15ae-f70bc8ef1d48" testName="SmartPacking.Application.Tests.PackingRecommendationServiceTests.RecommendForFormalActivityPrefersFormalTrousers" computerName="ES-R26064" duration="00:00:00.0072924" startTime="2026-09-02T15:32:07.6030078+02:00" endTime="2026-09-02T15:32:07.6030082+02:00" testType="13cdc9d9-ddb5-4fa4-a97d-d965ccfc6d4b" outcome="Passed" testListId="8c84fa94-04c1-424b-9868-57a2d4851a1d" relativeResultsDirectory="786a8cca-8f56-49c0-9872-40fe399948b8" />
    <UnitTestResult executionId="74462f27-ed85-461b-9ec8-10bba6ae4e9f" testId="ddb63877-c676-7b0b-1b02-ea16ba135f73" testName="SmartPacking.Application.Tests.PackingRecommendationServiceTests.AnalyzeLongTripCreatesExplainableLaundryAndReusePlan" computerName="ES-R26064" duration="00:00:00.0054657" startTime="2026-09-02T15:32:07.6636401+02:00" endTime="2026-09-02T15:32:07.6636409+02:00" testType="13cdc9d9-ddb5-4fa4-a97d-d965ccfc6d4b" outcome="Passed" testListId="8c84fa94-04c1-424b-9868-57a2d4851a1d" relativeResultsDirectory="74462f27-ed85-461b-9ec8-10bba6ae4e9f" />
    <UnitTestResult executionId="9120aa0e-9805-4833-badd-665c42218661" testId="2956053e-de0e-568c-c047-887d2d2d4669" testName="SmartPacking.Application.Tests.PackingRecommendationServiceTests.RecommendWhenItemIsDirtyDoesNotIncludeItInPackingList" computerName="ES-R26064" duration="00:00:00.0059886" startTime="2026-09-02T15:32:07.6579731+02:00" endTime="2026-09-02T15:32:07.6579740+02:00" testType="13cdc9d9-ddb5-4fa4-a97d-d965ccfc6d4b" outcome="Passed" testListId="8c84fa94-04c1-424b-9868-57a2d4851a1d" relativeResultsDirectory="9120aa0e-9805-4833-badd-665c42218661" />
    <UnitTestResult executionId="683593d5-dd4d-4b5d-9154-2f17a4be7f80" testId="5128cafa-e6cd-199d-6b1f-9d1a64616fe8" testName="SmartPacking.Application.Tests.PackingRecommendationServiceTests.RecommendWithLiveColdForecastAddsJacketThatWasNotNeededByTheOriginalPlan" computerName="ES-R26064" duration="00:00:00.0830777" startTime="2026-09-02T15:32:07.5849029+02:00" endTime="2026-09-02T15:32:07.5849700+02:00" testType="13cdc9d9-ddb5-4fa4-a97d-d965ccfc6d4b" outcome="Passed" testListId="8c84fa94-04c1-424b-9868-57a2d4851a1d" relativeResultsDirectory="683593d5-dd4d-4b5d-9154-2f17a4be7f80" />
    <UnitTestResult executionId="2bd62f9f-5f19-4c5f-92d2-a78edc0cce18" testId="11190b41-7db2-0ea6-61a0-3c9591c7f305" testName="SmartPacking.Application.Tests.PackingRecommendationServiceTests.AnalyzeWhenLuggageIsOverweightSuggestsALighterReplacement" computerName="ES-R26064" duration="00:00:00.0374564" startTime="2026-09-02T15:32:07.6292881+02:00" endTime="2026-09-02T15:32:07.6292890+02:00" testType="13cdc9d9-ddb5-4fa4-a97d-d965ccfc6d4b" outcome="Passed" testListId="8c84fa94-04c1-424b-9868-57a2d4851a1d" relativeResultsDirectory="2bd62f9f-5f19-4c5f-92d2-a78edc0cce18" />
  </Results>
  <TestDefinitions>
    <UnitTest name="SmartPacking.Application.Tests.PackingRecommendationServiceTests.RecommendWhenItemIsDirtyDoesNotIncludeItInPackingList" storage="c:\alpiq\smartpacking\tests\smartpacking.application.tests\bin\debug\net10.0\smartpacking.application.tests.dll" id="2956053e-de0e-568c-c047-887d2d2d4669">
      <Execution id="9120aa0e-9805-4833-badd-665c42218661" />
      <TestMethod codeBase="C:\alpiq\SmartPacking\tests\SmartPacking.Application.Tests\bin\Debug\net10.0\SmartPacking.Application.Tests.dll" adapterTypeName="executor://xunit/VsTestRunner2/netcoreapp" className="SmartPacking.Application.Tests.PackingRecommendationServiceTests" name="RecommendWhenItemIsDirtyDoesNotIncludeItInPackingList" />
    </UnitTest>
    <UnitTest name="SmartPacking.Application.Tests.PackingRecommendationServiceTests.RecommendWithLiveColdForecastAddsJacketThatWasNotNeededByTheOriginalPlan" storage="c:\alpiq\smartpacking\tests\smartpacking.application.tests\bin\debug\net10.0\smartpacking.application.tests.dll" id="5128cafa-e6cd-199d-6b1f-9d1a64616fe8">
      <Execution id="683593d5-dd4d-4b5d-9154-2f17a4be7f80" />
      <TestMethod codeBase="C:\alpiq\SmartPacking\tests\SmartPacking.Application.Tests\bin\Debug\net10.0\SmartPacking.Application.Tests.dll" adapterTypeName="executor://xunit/VsTestRunner2/netcoreapp" className="SmartPacking.Application.Tests.PackingRecommendationServiceTests" name="RecommendWithLiveColdForecastAddsJacketThatWasNotNeededByTheOriginalPlan" />
    </UnitTest>
    <UnitTest name="SmartPacking.Application.Tests.PackingRecommendationServiceTests.AnalyzeLongTripCreatesExplainableLaundryAndReusePlan" storage="c:\alpiq\smartpacking\tests\smartpacking.application.tests\bin\debug\net10.0\smartpacking.application.tests.dll" id="ddb63877-c676-7b0b-1b02-ea16ba135f73">
      <Execution id="74462f27-ed85-461b-9ec8-10bba6ae4e9f" />
      <TestMethod codeBase="C:\alpiq\SmartPacking\tests\SmartPacking.Application.Tests\bin\Debug\net10.0\SmartPacking.Application.Tests.dll" adapterTypeName="executor://xunit/VsTestRunner2/netcoreapp" className="SmartPacking.Application.Tests.PackingRecommendationServiceTests" name="AnalyzeLongTripCreatesExplainableLaundryAndReusePlan" />
    </UnitTest>
    <UnitTest name="SmartPacking.Application.Tests.PackingRecommendationServiceTests.AnalyzeWhenLuggageIsOverweightSuggestsALighterReplacement" storage="c:\alpiq\smartpacking\tests\smartpacking.application.tests\bin\debug\net10.0\smartpacking.application.tests.dll" id="11190b41-7db2-0ea6-61a0-3c9591c7f305">
      <Execution id="2bd62f9f-5f19-4c5f-92d2-a78edc0cce18" />
      <TestMethod codeBase="C:\alpiq\SmartPacking\tests\SmartPacking.Application.Tests\bin\Debug\net10.0\SmartPacking.Application.Tests.dll" adapterTypeName="executor://xunit/VsTestRunner2/netcoreapp" className="SmartPacking.Application.Tests.PackingRecommendationServiceTests" name="AnalyzeWhenLuggageIsOverweightSuggestsALighterReplacement" />
    </UnitTest>
    <UnitTest name="SmartPacking.Application.Tests.PackingRecommendationServiceTests.RecommendForFormalActivityPrefersFormalTrousers" storage="c:\alpiq\smartpacking\tests\smartpacking.application.tests\bin\debug\net10.0\smartpacking.application.tests.dll" id="bdef7b63-935c-cf99-15ae-f70bc8ef1d48">
      <Execution id="786a8cca-8f56-49c0-9872-40fe399948b8" />
      <TestMethod codeBase="C:\alpiq\SmartPacking\tests\SmartPacking.Application.Tests\bin\Debug\net10.0\SmartPacking.Application.Tests.dll" adapterTypeName="executor://xunit/VsTestRunner2/netcoreapp" className="SmartPacking.Application.Tests.PackingRecommendationServiceTests" name="RecommendForFormalActivityPrefersFormalTrousers" />
    </UnitTest>
    <UnitTest name="SmartPacking.Application.Tests.PackingRecommendationServiceTests.AnalyzeFamilyPlansIdentifiesSharedItemsAndDuplicates" storage="c:\alpiq\smartpacking\tests\smartpacking.application.tests\bin\debug\net10.0\smartpacking.application.tests.dll" id="7fe45a09-39c9-592d-202e-b921414277f8">
      <Execution id="dcdd5379-78b1-4b26-bd01-abb0409015d3" />
      <TestMethod codeBase="C:\alpiq\SmartPacking\tests\SmartPacking.Application.Tests\bin\Debug\net10.0\SmartPacking.Application.Tests.dll" adapterTypeName="executor://xunit/VsTestRunner2/netcoreapp" className="SmartPacking.Application.Tests.PackingRecommendationServiceTests" name="AnalyzeFamilyPlansIdentifiesSharedItemsAndDuplicates" />
    </UnitTest>
    <UnitTest name="SmartPacking.Application.Tests.PackingRecommendationServiceTests.RecommendForHotTripIncludesSummerShoesAndShorts" storage="c:\alpiq\smartpacking\tests\smartpacking.application.tests\bin\debug\net10.0\smartpacking.application.tests.dll" id="7453f524-8027-ab63-690e-1f3ed5454624">
      <Execution id="c04511a0-0243-482d-874b-1dc3c499f6cf" />
      <TestMethod codeBase="C:\alpiq\SmartPacking\tests\SmartPacking.Application.Tests\bin\Debug\net10.0\SmartPacking.Application.Tests.dll" adapterTypeName="executor://xunit/VsTestRunner2/netcoreapp" className="SmartPacking.Application.Tests.PackingRecommendationServiceTests" name="RecommendForHotTripIncludesSummerShoesAndShorts" />
    </UnitTest>
  </TestDefinitions>
  <TestEntries>
    <TestEntry testId="7fe45a09-39c9-592d-202e-b921414277f8" executionId="dcdd5379-78b1-4b26-bd01-abb0409015d3" testListId="8c84fa94-04c1-424b-9868-57a2d4851a1d" />
    <TestEntry testId="7453f524-8027-ab63-690e-1f3ed5454624" executionId="c04511a0-0243-482d-874b-1dc3c499f6cf" testListId="8c84fa94-04c1-424b-9868-57a2d4851a1d" />
    <TestEntry testId="bdef7b63-935c-cf99-15ae-f70bc8ef1d48" executionId="786a8cca-8f56-49c0-9872-40fe399948b8" testListId="8c84fa94-04c1-424b-9868-57a2d4851a1d" />
    <TestEntry testId="ddb63877-c676-7b0b-1b02-ea16ba135f73" executionId="74462f27-ed85-461b-9ec8-10bba6ae4e9f" testListId="8c84fa94-04c1-424b-9868-57a2d4851a1d" />
    <TestEntry testId="2956053e-de0e-568c-c047-887d2d2d4669" executionId="9120aa0e-9805-4833-badd-665c42218661" testListId="8c84fa94-04c1-424b-9868-57a2d4851a1d" />
    <TestEntry testId="5128cafa-e6cd-199d-6b1f-9d1a64616fe8" executionId="683593d5-dd4d-4b5d-9154-2f17a4be7f80" testListId="8c84fa94-04c1-424b-9868-57a2d4851a1d" />
    <TestEntry testId="11190b41-7db2-0ea6-61a0-3c9591c7f305" executionId="2bd62f9f-5f19-4c5f-92d2-a78edc0cce18" testListId="8c84fa94-04c1-424b-9868-57a2d4851a1d" />
  </TestEntries>
  <TestLists>
    <TestList name="Resultados sin formato de lista" id="8c84fa94-04c1-424b-9868-57a2d4851a1d" />
    <TestList name="Todos los resultados cargados" id="19431567-8539-422a-85d7-44ee4e166bda" />
  </TestLists>
  <ResultSummary outcome="Completed">
    <Counters total="7" executed="7" passed="7" failed="0" error="0" timeout="0" aborted="0" inconclusive="0" passedButRunAborted="0" notRunnable="0" notExecuted="0" disconnected="0" warning="0" completed="0" inProgress="0" pending="0" />
    <Output>
      <StdOut>[xUnit.net 00:00:00.01] xUnit.net VSTest Adapter v2.8.2+699d445a1a (64-bit .NET 10.0.10)&#xD;
[xUnit.net 00:00:00.33]   Discovering: SmartPacking.Application.Tests&#xD;
[xUnit.net 00:00:00.43]   Discovered:  SmartPacking.Application.Tests&#xD;
[xUnit.net 00:00:00.43]   Starting:    SmartPacking.Application.Tests&#xD;
[xUnit.net 00:00:00.70]   Finished:    SmartPacking.Application.Tests&#xD;
</StdOut>
    </Output>
    <CollectorDataEntries>
      <Collector agentName="ES-R26064" uri="datacollector://microsoft/CoverletCodeCoverage/1.0" collectorDisplayName="XPlat code coverage">
        <UriAttachments>
          <UriAttachment>
            <A href="ES-R26064\coverage.opencover.xml"></A>
          </UriAttachment>
        </UriAttachments>
      </Collector>
    </CollectorDataEntries>
  </ResultSummary>
</TestRun>