<?xml version="1.0" encoding="utf-8"?>
<TestRun id="630af122-e993-4870-bb87-c129c6732a3a" name="raul.gonzalez@ES-R26064 2026-09-02 15:32:10" runUser="ES\raul.gonzalez" xmlns="http://microsoft.com/schemas/VisualStudio/TeamTest/2010">
  <Times creation="2026-09-02T15:32:10.5670036+02:00" queuing="2026-09-02T15:32:10.5670041+02:00" start="2026-09-02T15:32:03.8481459+02:00" finish="2026-09-02T15:32:10.5780260+02:00" />
  <TestSettings name="default" id="09fdeae1-d1c8-464b-87ce-e59b8ea1c187">
    <Deployment runDeploymentRoot="raul.gonzalez_ES-R26064_2026-09-02_15_32_10" />
  </TestSettings>
  <Results>
    <UnitTestResult executionId="ed393d2b-595c-497d-9c18-3806e2337d5d" testId="4e98238a-24cb-c977-9762-97292757fabd" testName="SmartPacking.Web.Tests.PanelRenderingTests.TripsPanelMarksPreviouslyUsedClothing" computerName="ES-R26064" duration="00:00:00.0108183" startTime="2026-09-02T15:32:09.5941695+02:00" endTime="2026-09-02T15:32:09.5941701+02:00" testType="13cdc9d9-ddb5-4fa4-a97d-d965ccfc6d4b" outcome="Passed" testListId="8c84fa94-04c1-424b-9868-57a2d4851a1d" relativeResultsDirectory="ed393d2b-595c-497d-9c18-3806e2337d5d" />
    <UnitTestResult executionId="a5973fe4-45eb-4004-a220-408dbe5a937e" testId="5ef3a517-1899-339c-ba9b-7c4a55d72de0" testName="SmartPacking.Web.Tests.PanelRenderingTests.TripsPanelSavesAnEditedTraveller" computerName="ES-R26064" duration="00:00:00.0273789" startTime="2026-09-02T15:32:09.6317901+02:00" endTime="2026-09-02T15:32:09.6317908+02:00" testType="13cdc9d9-ddb5-4fa4-a97d-d965ccfc6d4b" outcome="Passed" testListId="8c84fa94-04c1-424b-9868-57a2d4851a1d" relativeResultsDirectory="a5973fe4-45eb-4004-a220-408dbe5a937e" />
    <UnitTestResult executionId="029f7ee5-2a98-41c0-b39d-7d51a8a32e8a" testId="305abe29-84bb-3141-9f3c-5a3859da23e3" testName="SmartPacking.Web.Tests.PanelRenderingTests.PackingPanelWithoutPlanExplainsWhatTheUserNeedsToDo" computerName="ES-R26064" duration="00:00:00.0097425" startTime="2026-09-02T15:32:09.6040269+02:00" endTime="2026-09-02T15:32:09.6040274+02:00" testType="13cdc9d9-ddb5-4fa4-a97d-d965ccfc6d4b" outcome="Passed" testListId="8c84fa94-04c1-424b-9868-57a2d4851a1d" relativeResultsDirectory="029f7ee5-2a98-41c0-b39d-7d51a8a32e8a" />
    <UnitTestResult executionId="a66e3ceb-ab8a-4220-ba74-7a063c03780d" testId="96b71cff-a06a-db9e-df5a-9896d62e427f" testName="SmartPacking.Web.Tests.PanelRenderingTests.TripsPanelWithoutTripsExplainsHowToStartAndDisablesTripActions" computerName="ES-R26064" duration="00:00:01.1273514" startTime="2026-09-02T15:32:09.5119871+02:00" endTime="2026-09-02T15:32:09.5120219+02:00" testType="13cdc9d9-ddb5-4fa4-a97d-d965ccfc6d4b" outcome="Passed" testListId="8c84fa94-04c1-424b-9868-57a2d4851a1d" relativeResultsDirectory="a66e3ceb-ab8a-4220-ba74-7a063c03780d" />
    <UnitTestResult executionId="4cff3c8a-e5cb-4136-a700-b66187058488" testId="795ea01c-5d61-7dbb-b7b6-2e09faeee9f2" testName="SmartPacking.Web.Tests.PanelRenderingTests.TripsPanelNotifiesTheSelectedTrip" computerName="ES-R26064" duration="00:00:00.0709697" startTime="2026-09-02T15:32:09.5833238+02:00" endTime="2026-09-02T15:32:09.5833242+02:00" testType="13cdc9d9-ddb5-4fa4-a97d-d965ccfc6d4b" outcome="Passed" testListId="8c84fa94-04c1-424b-9868-57a2d4851a1d" relativeResultsDirectory="4cff3c8a-e5cb-4136-a700-b66187058488" />
    <UnitTestResult executionId="65ef17df-3431-4908-8a84-c34b5abc8d03" testId="537e05e3-f80c-0bb4-1237-48a70353c5bd" testName="SmartPacking.Web.Tests.PanelRenderingTests.TripsPanelSavesTheChangedUsageSelection" computerName="ES-R26064" duration="00:00:00.0140005" startTime="2026-09-02T15:32:09.6804740+02:00" endTime="2026-09-02T15:32:09.6804744+02:00" testType="13cdc9d9-ddb5-4fa4-a97d-d965ccfc6d4b" outcome="Passed" testListId="8c84fa94-04c1-424b-9868-57a2d4851a1d" relativeResultsDirectory="65ef17df-3431-4908-8a84-c34b5abc8d03" />
    <UnitTestResult executionId="fb5f3aaf-7986-49f2-a414-bb8e328458e5" testId="3c94e002-4c46-95b4-4ad2-c95c2b8d7077" testName="SmartPacking.Web.Tests.PanelRenderingTests.TripFormInputAllowsMultipleLuggagesAndOnlyAppliesAirlineLimitsToCabinLuggage" computerName="ES-R26064" duration="00:00:00.0133437" startTime="2026-09-02T15:32:09.6944003+02:00" endTime="2026-09-02T15:32:09.6944011+02:00" testType="13cdc9d9-ddb5-4fa4-a97d-d965ccfc6d4b" outcome="Passed" testListId="8c84fa94-04c1-424b-9868-57a2d4851a1d" relativeResultsDirectory="fb5f3aaf-7986-49f2-a414-bb8e328458e5" />
    <UnitTestResult executionId="34326dfc-81fa-405b-bc02-f78ff0296cb1" testId="ee104d30-9d69-1c5a-ecbd-0ec3ba267d11" testName="SmartPacking.Web.Tests.PanelRenderingTests.TripFormInputBuildsOneActivityForEachTripDayAndAppliesLuggageDefaults" computerName="ES-R26064" duration="00:00:00.0345353" startTime="2026-09-02T15:32:09.6663007+02:00" endTime="2026-09-02T15:32:09.6663012+02:00" testType="13cdc9d9-ddb5-4fa4-a97d-d965ccfc6d4b" outcome="Passed" testListId="8c84fa94-04c1-424b-9868-57a2d4851a1d" relativeResultsDirectory="34326dfc-81fa-405b-bc02-f78ff0296cb1" />
  </Results>
  <TestDefinitions>
    <UnitTest name="SmartPacking.Web.Tests.PanelRenderingTests.TripsPanelNotifiesTheSelectedTrip" storage="c:\alpiq\smartpacking\tests\smartpacking.web.tests\bin\debug\net10.0\smartpacking.web.tests.dll" id="795ea01c-5d61-7dbb-b7b6-2e09faeee9f2">
      <Execution id="4cff3c8a-e5cb-4136-a700-b66187058488" />
      <TestMethod codeBase="C:\alpiq\SmartPacking\tests\SmartPacking.Web.Tests\bin\Debug\net10.0\SmartPacking.Web.Tests.dll" adapterTypeName="executor://xunit/VsTestRunner2/netcoreapp" className="SmartPacking.Web.Tests.PanelRenderingTests" name="TripsPanelNotifiesTheSelectedTrip" />
    </UnitTest>
    <UnitTest name="SmartPacking.Web.Tests.PanelRenderingTests.PackingPanelWithoutPlanExplainsWhatTheUserNeedsToDo" storage="c:\alpiq\smartpacking\tests\smartpacking.web.tests\bin\debug\net10.0\smartpacking.web.tests.dll" id="305abe29-84bb-3141-9f3c-5a3859da23e3">
      <Execution id="029f7ee5-2a98-41c0-b39d-7d51a8a32e8a" />
      <TestMethod codeBase="C:\alpiq\SmartPacking\tests\SmartPacking.Web.Tests\bin\Debug\net10.0\SmartPacking.Web.Tests.dll" adapterTypeName="executor://xunit/VsTestRunner2/netcoreapp" className="SmartPacking.Web.Tests.PanelRenderingTests" name="PackingPanelWithoutPlanExplainsWhatTheUserNeedsToDo" />
    </UnitTest>
    <UnitTest name="SmartPacking.Web.Tests.PanelRenderingTests.TripsPanelMarksPreviouslyUsedClothing" storage="c:\alpiq\smartpacking\tests\smartpacking.web.tests\bin\debug\net10.0\smartpacking.web.tests.dll" id="4e98238a-24cb-c977-9762-97292757fabd">
      <Execution id="ed393d2b-595c-497d-9c18-3806e2337d5d" />
      <TestMethod codeBase="C:\alpiq\SmartPacking\tests\SmartPacking.Web.Tests\bin\Debug\net10.0\SmartPacking.Web.Tests.dll" adapterTypeName="executor://xunit/VsTestRunner2/netcoreapp" className="SmartPacking.Web.Tests.PanelRenderingTests" name="TripsPanelMarksPreviouslyUsedClothing" />
    </UnitTest>
    <UnitTest name="SmartPacking.Web.Tests.PanelRenderingTests.TripsPanelWithoutTripsExplainsHowToStartAndDisablesTripActions" storage="c:\alpiq\smartpacking\tests\smartpacking.web.tests\bin\debug\net10.0\smartpacking.web.tests.dll" id="96b71cff-a06a-db9e-df5a-9896d62e427f">
      <Execution id="a66e3ceb-ab8a-4220-ba74-7a063c03780d" />
      <TestMethod codeBase="C:\alpiq\SmartPacking\tests\SmartPacking.Web.Tests\bin\Debug\net10.0\SmartPacking.Web.Tests.dll" adapterTypeName="executor://xunit/VsTestRunner2/netcoreapp" className="SmartPacking.Web.Tests.PanelRenderingTests" name="TripsPanelWithoutTripsExplainsHowToStartAndDisablesTripActions" />
    </UnitTest>
    <UnitTest name="SmartPacking.Web.Tests.PanelRenderingTests.TripsPanelSavesTheChangedUsageSelection" storage="c:\alpiq\smartpacking\tests\smartpacking.web.tests\bin\debug\net10.0\smartpacking.web.tests.dll" id="537e05e3-f80c-0bb4-1237-48a70353c5bd">
      <Execution id="65ef17df-3431-4908-8a84-c34b5abc8d03" />
      <TestMethod codeBase="C:\alpiq\SmartPacking\tests\SmartPacking.Web.Tests\bin\Debug\net10.0\SmartPacking.Web.Tests.dll" adapterTypeName="executor://xunit/VsTestRunner2/netcoreapp" className="SmartPacking.Web.Tests.PanelRenderingTests" name="TripsPanelSavesTheChangedUsageSelection" />
    </UnitTest>
    <UnitTest name="SmartPacking.Web.Tests.PanelRenderingTests.TripFormInputAllowsMultipleLuggagesAndOnlyAppliesAirlineLimitsToCabinLuggage" storage="c:\alpiq\smartpacking\tests\smartpacking.web.tests\bin\debug\net10.0\smartpacking.web.tests.dll" id="3c94e002-4c46-95b4-4ad2-c95c2b8d7077">
      <Execution id="fb5f3aaf-7986-49f2-a414-bb8e328458e5" />
      <TestMethod codeBase="C:\alpiq\SmartPacking\tests\SmartPacking.Web.Tests\bin\Debug\net10.0\SmartPacking.Web.Tests.dll" adapterTypeName="executor://xunit/VsTestRunner2/netcoreapp" className="SmartPacking.Web.Tests.PanelRenderingTests" name="TripFormInputAllowsMultipleLuggagesAndOnlyAppliesAirlineLimitsToCabinLuggage" />
    </UnitTest>
    <UnitTest name="SmartPacking.Web.Tests.PanelRenderingTests.TripFormInputBuildsOneActivityForEachTripDayAndAppliesLuggageDefaults" storage="c:\alpiq\smartpacking\tests\smartpacking.web.tests\bin\debug\net10.0\smartpacking.web.tests.dll" id="ee104d30-9d69-1c5a-ecbd-0ec3ba267d11">
      <Execution id="34326dfc-81fa-405b-bc02-f78ff0296cb1" />
      <TestMethod codeBase="C:\alpiq\SmartPacking\tests\SmartPacking.Web.Tests\bin\Debug\net10.0\SmartPacking.Web.Tests.dll" adapterTypeName="executor://xunit/VsTestRunner2/netcoreapp" className="SmartPacking.Web.Tests.PanelRenderingTests" name="TripFormInputBuildsOneActivityForEachTripDayAndAppliesLuggageDefaults" />
    </UnitTest>
    <UnitTest name="SmartPacking.Web.Tests.PanelRenderingTests.TripsPanelSavesAnEditedTraveller" storage="c:\alpiq\smartpacking\tests\smartpacking.web.tests\bin\debug\net10.0\smartpacking.web.tests.dll" id="5ef3a517-1899-339c-ba9b-7c4a55d72de0">
      <Execution id="a5973fe4-45eb-4004-a220-408dbe5a937e" />
      <TestMethod codeBase="C:\alpiq\SmartPacking\tests\SmartPacking.Web.Tests\bin\Debug\net10.0\SmartPacking.Web.Tests.dll" adapterTypeName="executor://xunit/VsTestRunner2/netcoreapp" className="SmartPacking.Web.Tests.PanelRenderingTests" name="TripsPanelSavesAnEditedTraveller" />
    </UnitTest>
  </TestDefinitions>
  <TestEntries>
    <TestEntry testId="4e98238a-24cb-c977-9762-97292757fabd" executionId="ed393d2b-595c-497d-9c18-3806e2337d5d" testListId="8c84fa94-04c1-424b-9868-57a2d4851a1d" />
    <TestEntry testId="5ef3a517-1899-339c-ba9b-7c4a55d72de0" executionId="a5973fe4-45eb-4004-a220-408dbe5a937e" testListId="8c84fa94-04c1-424b-9868-57a2d4851a1d" />
    <TestEntry testId="305abe29-84bb-3141-9f3c-5a3859da23e3" executionId="029f7ee5-2a98-41c0-b39d-7d51a8a32e8a" testListId="8c84fa94-04c1-424b-9868-57a2d4851a1d" />
    <TestEntry testId="96b71cff-a06a-db9e-df5a-9896d62e427f" executionId="a66e3ceb-ab8a-4220-ba74-7a063c03780d" testListId="8c84fa94-04c1-424b-9868-57a2d4851a1d" />
    <TestEntry testId="795ea01c-5d61-7dbb-b7b6-2e09faeee9f2" executionId="4cff3c8a-e5cb-4136-a700-b66187058488" testListId="8c84fa94-04c1-424b-9868-57a2d4851a1d" />
    <TestEntry testId="537e05e3-f80c-0bb4-1237-48a70353c5bd" executionId="65ef17df-3431-4908-8a84-c34b5abc8d03" testListId="8c84fa94-04c1-424b-9868-57a2d4851a1d" />
    <TestEntry testId="3c94e002-4c46-95b4-4ad2-c95c2b8d7077" executionId="fb5f3aaf-7986-49f2-a414-bb8e328458e5" testListId="8c84fa94-04c1-424b-9868-57a2d4851a1d" />
    <TestEntry testId="ee104d30-9d69-1c5a-ecbd-0ec3ba267d11" executionId="34326dfc-81fa-405b-bc02-f78ff0296cb1" testListId="8c84fa94-04c1-424b-9868-57a2d4851a1d" />
  </TestEntries>
  <TestLists>
    <TestList name="Resultados sin formato de lista" id="8c84fa94-04c1-424b-9868-57a2d4851a1d" />
    <TestList name="Todos los resultados cargados" id="19431567-8539-422a-85d7-44ee4e166bda" />
  </TestLists>
  <ResultSummary outcome="Completed">
    <Counters total="8" executed="8" passed="8" failed="0" error="0" timeout="0" aborted="0" inconclusive="0" passedButRunAborted="0" notRunnable="0" notExecuted="0" disconnected="0" warning="0" completed="0" inProgress="0" pending="0" />
    <Output>
      <StdOut>[xUnit.net 00:00:00.00] xUnit.net VSTest Adapter v2.8.2+699d445a1a (64-bit .NET 10.0.10)&#xD;
[xUnit.net 00:00:00.33]   Discovering: SmartPacking.Web.Tests&#xD;
[xUnit.net 00:00:00.41]   Discovered:  SmartPacking.Web.Tests&#xD;
[xUnit.net 00:00:00.42]   Starting:    SmartPacking.Web.Tests&#xD;
[xUnit.net 00:00:01.83]   Finished:    SmartPacking.Web.Tests&#xD;
</StdOut>
    </Output>
    <CollectorDataEntries>
      <Collector agentName="ES-R26064" uri="datacollector://microsoft/CoverletCodeCoverage/1.0" collectorDisplayName="XPlat code coverage">
        <UriAttachments>
          <UriAttachment>
            <A href="ES-R26064\coverage.opencover.xml"></A>
          </UriAttachment>
        </UriAttachments>
      </Collector>
    </CollectorDataEntries>
  </ResultSummary>
</TestRun>